Archive member included because of file (symbol)

/opt/devkitPro/libnds/lib/libdswifi9.a(sgIP_Hub.o)
                              WiFi_minilib.o (htons)
/opt/devkitPro/libnds/lib/libdswifi9.a(sgIP_memblock.o)
                              /opt/devkitPro/libnds/lib/libdswifi9.a(sgIP_Hub.o) (sgIP_memblock_exposeheader)
/opt/devkitPro/libnds/lib/libdswifi9.a(sgIP_sockets.o)
                              WiFi_minilib.o (ioctl)
/opt/devkitPro/libnds/lib/libdswifi9.a(wifi_arm9.o)
                              /opt/devkitPro/libnds/lib/libdswifi9.a(sgIP_memblock.o) (sgIP_DisableInterrupts)
/opt/devkitPro/libnds/lib/libdswifi9.a(spinlock.o)
                              /opt/devkitPro/libnds/lib/libdswifi9.a(wifi_arm9.o) (SLasm_Acquire)
/opt/devkitPro/libnds/lib/libdswifi9.a(sgIP.o)
                              /opt/devkitPro/libnds/lib/libdswifi9.a(wifi_arm9.o) (sgIP_Timer)
/opt/devkitPro/libnds/lib/libdswifi9.a(sgIP_ARP.o)
                              /opt/devkitPro/libnds/lib/libdswifi9.a(sgIP.o) (sgIP_ARP_Init)
/opt/devkitPro/libnds/lib/libdswifi9.a(sgIP_DHCP.o)
                              /opt/devkitPro/libnds/lib/libdswifi9.a(wifi_arm9.o) (gethostname)
/opt/devkitPro/libnds/lib/libdswifi9.a(sgIP_DNS.o)
                              /opt/devkitPro/libnds/lib/libdswifi9.a(sgIP.o) (sgIP_DNS_Init)
/opt/devkitPro/libnds/lib/libdswifi9.a(sgIP_IP.o)
                              /opt/devkitPro/libnds/lib/libdswifi9.a(sgIP.o) (sgIP_IP_ReceivePacket)
/opt/devkitPro/libnds/lib/libdswifi9.a(sgIP_TCP.o)
                              /opt/devkitPro/libnds/lib/libdswifi9.a(sgIP.o) (sgIP_TCP_Init)
/opt/devkitPro/libnds/lib/libdswifi9.a(sgIP_UDP.o)
                              /opt/devkitPro/libnds/lib/libdswifi9.a(sgIP.o) (sgIP_UDP_Init)
/opt/devkitPro/libnds/lib/libdswifi9.a(sgIP_ICMP.o)
                              /opt/devkitPro/libnds/lib/libdswifi9.a(sgIP_IP.o) (sgIP_ICMP_ReceivePacket)
/opt/devkitPro/libnds/lib/libnds9.a(initSystem.o)
                              /opt/devkitPro/devkitARM/lib/gcc/arm-eabi/4.3.3/../../../../arm-eabi/lib/thumb/ds_arm9_crt0.o (initSystem)
/opt/devkitPro/libnds/lib/libnds9.a(keys.o)
                              P_Controls.o (scanKeys)
/opt/devkitPro/libnds/lib/libnds9.a(system.o)
                              /opt/devkitPro/libnds/lib/libnds9.a(initSystem.o) (powerValueHandler)
/opt/devkitPro/libnds/lib/libnds9.a(touch.o)
                              P_Controls.o (touchRead)
/opt/devkitPro/libnds/lib/libnds9.a(videoGL.o)
                              Gameboard.o (glGlobalData)
/opt/devkitPro/libnds/lib/libnds9.a(fifosystem.o)
                              /opt/devkitPro/libnds/lib/libdswifi9.a(wifi_arm9.o) (fifoSetValue32Handler)
/opt/devkitPro/libnds/lib/libnds9.a(interrupts.o)
                              /opt/devkitPro/libnds/lib/libdswifi9.a(wifi_arm9.o) (irqSet)
/opt/devkitPro/libnds/lib/libnds9.a(dcache.o)
                              /opt/devkitPro/libnds/lib/libdswifi9.a(wifi_arm9.o) (DC_FlushAll)
/opt/devkitPro/libnds/lib/libnds9.a(biosCalls.o)
                              /opt/devkitPro/libnds/lib/libnds9.a(system.o) (swiDelay)
/opt/devkitPro/libnds/lib/libnds9.a(interruptDispatcher.o)
                              /opt/devkitPro/libnds/lib/libnds9.a(interrupts.o) (IntrMain)
/opt/devkitPro/libnds/lib/libnds9.a(trig.o)
                              /opt/devkitPro/libnds/lib/libnds9.a(videoGL.o) (sinLerp)
/opt/devkitPro/libnds/lib/libnds9.a(video.o)
                              /opt/devkitPro/libnds/lib/libnds9.a(videoGL.o) (vramSetMainBanks)
/opt/devkitPro/devkitARM/lib/gcc/arm-eabi/4.3.3/thumb/libgcc.a(_udivsi3.o)
                              /opt/devkitPro/libnds/lib/libdswifi9.a(sgIP_DHCP.o) (__aeabi_uidiv)
/opt/devkitPro/devkitARM/lib/gcc/arm-eabi/4.3.3/thumb/libgcc.a(_divsi3.o)
                              P_Map10x10.o (__aeabi_idiv)
/opt/devkitPro/devkitARM/lib/gcc/arm-eabi/4.3.3/thumb/libgcc.a(_dvmd_tls.o)
                              /opt/devkitPro/devkitARM/lib/gcc/arm-eabi/4.3.3/thumb/libgcc.a(_udivsi3.o) (__div0)
/opt/devkitPro/devkitARM/lib/gcc/arm-eabi/4.3.3/thumb/libgcc.a(_muldi3.o)
                              /opt/devkitPro/libnds/lib/libnds9.a(videoGL.o) (__aeabi_lmul)
/opt/devkitPro/devkitARM/lib/gcc/arm-eabi/4.3.3/../../../../arm-eabi/lib/thumb/libg.a(lib_a-bsearch.o)
                              /opt/devkitPro/libnds/lib/libnds9.a(trig.o) (bsearch)
/opt/devkitPro/devkitARM/lib/gcc/arm-eabi/4.3.3/../../../../arm-eabi/lib/thumb/libg.a(lib_a-errno.o)
                              /opt/devkitPro/libnds/lib/libdswifi9.a(sgIP_sockets.o) (__errno)
/opt/devkitPro/devkitARM/lib/gcc/arm-eabi/4.3.3/../../../../arm-eabi/lib/thumb/libg.a(lib_a-impure.o)
                              /opt/devkitPro/devkitARM/lib/gcc/arm-eabi/4.3.3/../../../../arm-eabi/lib/thumb/libg.a(lib_a-errno.o) (_impure_ptr)
/opt/devkitPro/devkitARM/lib/gcc/arm-eabi/4.3.3/../../../../arm-eabi/lib/thumb/libg.a(lib_a-init.o)
[...]
Memory Configuration

Name             Origin             Length             Attributes
rom              0x08000000         0x02000000
ewram            0x02000000         0x003ff000
dtcm             0x0b000000         0x00004000
vectors          0x01000000         0x00000100
itcm             0x01000100         0x00007f00
*default*        0x00000000         0xffffffff

Linker script and memory map

                0x01000000                __vectors_start = 0x1000000
                0x01000100                __itcm_start = 0x1000100
                0x023ff000                __ewram_end = 0x23ff000
                0x023ff000                __eheap_end = 0x23ff000
                0x0b000000                __dtcm_start = 0xb000000
                0x0b004000                __dtcm_top = 0xb004000
                0x0b003ff8                __irq_flags = (__dtcm_top - 0x8)
                0x0b003ffc                __irq_vector = (__dtcm_top - 0x4)
                0x0b003f00                __sp_svc = (__dtcm_top - 0x100)
                0x0b003e00                __sp_irq = (__sp_svc - 0x100)
                0x0b003d00                __sp_usr = (__sp_irq - 0x100)

.init           0x02000000      0x30c
                0x02000000                __text_start = .
 *(.init)
 .init          0x02000000      0x300 /opt/devkitPro/devkitARM/lib/gcc/arm-eabi/4.3.3/../../../../arm-eabi/lib/thumb/ds_arm9_crt0.o
                0x02000000                _start
 .init          0x02000300        0x4 /opt/devkitPro/devkitARM/lib/gcc/arm-eabi/4.3.3/thumb/crti.o
                0x02000300                _init
 .init          0x02000304        0x8 /opt/devkitPro/devkitARM/lib/gcc/arm-eabi/4.3.3/thumb/crtn.o
                0x0200030c                . = ALIGN (0x4)

.plt
 *(.plt)

.text           0x02000310    0x1024c
 *(EXCLUDE_FILE(*.itcm*) .text)
 .text          0x02000310        0x0 /opt/devkitPro/devkitARM/lib/gcc/arm-eabi/4.3.3/../../../../arm-eabi/lib/thumb/ds_arm9_crt0.o
 .text          0x02000310        0x0 /opt/devkitPro/devkitARM/lib/gcc/arm-eabi/4.3.3/thumb/crti.o
 .text          0x02000310       0x70 /opt/devkitPro/devkitARM/lib/gcc/arm-eabi/4.3.3/thumb/crtbegin.o
 .text          0x02000380        0x0 soundbank.bin.o
 .text          0x02000380        0x0 background2.o
 .text          0x02000380        0x0 background.o
 .text          0x02000380        0x0 boat.o
 .text          0x02000380      0x238 Gameboard.o
                0x02000510                tryToMoveShipTo
                0x02000380                new_Gameboard
                0x02000468                tryToFlip
                0x020003bc                clearBoard
                0x02000414                attackBoard
                0x020004c0                isTooClose
                0x0200039c                addShip
                0x020003e0                draw
 .text          0x020005b8      0x1c8 Gameplay.o
                0x0200065c                Gameplay_wait_for_attack
                0x02000608                Gameplay_handle_attack
                0x020005b8                placeShips
                0x020006bc                Gameplay_handleInput
                0x020006a4                initGameboard
 .text          0x02000780       0x6c Gamestate.o
                0x020007ac                nextState
                0x020007a0                getState
                0x0200078c                setLock
                0x02000780                getLock
 .text          0x020007ec       0x70 main.o
                0x020007ec                main
 .text          0x0200085c      0x150 P_Controls.o
                0x0200085c                handleInput
 .text          0x020009ac       0x9c P_Graphics.o
                0x020009ac                P_Graphics_setup_main
                0x020009dc                P_Graphics_assignBuffer
 .text          0x02000a48       0x14 P_Initializer.o
                0x02000a48                P_InitNDS
 .text          0x02000a5c      0x420 P_Map10x10.o
                0x02000d4c                SetSubMap10x10To
                0x02000d1c                P_Map10x10_Init
                0x02000ab0                P_Map10x10_configureBG3_Sub
                0x02000cc0                P_Map10x10_configureBG3
                0x02000c00                P_Map10x10_configureBG2_Sub
                0x02000de4                SetMap10x10To
                0x02000b0c                P_Map10x10_configureBG0_Sub
                0x02000a5c                P_Map10x10_configureBG2
                0x02000c3c                P_Map10x10_configureBG0
 .text          0x02000e7c      0x338 Ship.o
                0x02001124                drawShip
                0x020010ac                absMin
                0x02001054                incrementShipCoordinates
                0x02000e7c                new_Ship
                0x02000fc4                minDistance
                0x02000ef0                attackShip
                0x02000ed0                flip
                0x020010e0                min
                0x02000f5c                isOverlapping
                0x02001198                getIndex
                0x02001104                abs
                0x02001080                originDistance
 .text          0x020011b4       0xc8 WiFi_comms.o
                0x020011f0                receiveCoords
                0x020011b4                sendCoords
                0x0200122c                sendHitMiss
                0x02001254                receiveHitMiss
 .text          0x0200127c      0x2d0 WiFi_minilib.o
                0x02001354                openSocket
                0x0200127c                initWiFi
                0x0200146c                disconnectFromWiFi
                0x020014dc                receiveData
                0x0200148c                sendData
                0x02001438                closeSocket
 .text          0x0200154c      0x204 /opt/devkitPro/libnds/lib/libdswifi9.a(sgIP_Hub.o)
                0x02001680                sgIP_Hub_SendRawPacket
                0x020016f0                sgIP_Hub_ReceiveHardwarePacket
                0x02001624                sgIP_Hub_GetCompatibleIP
                0x02001660                htonl
                0x0200159c                sgIP_Hub_AddHardwareInterface
                0x020015fc                sgIP_Hub_RemoveHardwareInterface
                0x0200163c                sgIP_Hub_GetDefaultInterface
                0x0200154c                sgIP_Hub_Init
                0x0200161c                sgIP_Hub_IPMaxMessageSize
                0x02001560                sgIP_Hub_AddProtocolInterface
                0x02001650                htons
                0x020016a8                sgIP_Hub_SendProtocolPacket
                0x020015dc                sgIP_Hub_RemoveProtocolInterface
 .text          0x02001750      0x2e0 /opt/devkitPro/libnds/lib/libdswifi9.a(sgIP_memblock.o)
                0x02001994                sgIP_memblock_free
                0x020018a8                sgIP_memblock_CopyFromLinear
                0x02001a20                sgIP_memblock_alloc
                0x020018a4                sgIP_memblock_CopyBlock
                0x02001920                sgIP_memblock_CopyToLinear
                0x02001784                sgIP_memblock_IPChecksum
                0x02001750                sgIP_memblock_Init
                0x02001754                sgIP_memblock_exposeheader
                0x020019c4                sgIP_memblock_trimsize
                0x020019f8                sgIP_memblock_allocHW
 .text          0x02001a30      0xb4c /opt/devkitPro/libnds/lib/libdswifi9.a(sgIP_sockets.o)
                0x02001e28                ioctl
                0x02002210                recv
                0x02002348                connect
                0x02001ec0                kill_socket
                0x020020d0                recvfrom
                0x020024e4                socket
                0x02001a58                select
                0x020022ac                send
                0x02001fa8                accept
                0x02001a30                sgIP_sockets_Init
                0x02002430                bind
                0x02001a50                setsockopt
                0x0200219c                sendto
                0x02002080                listen
                0x02001ef8                spawn_socket
                0x02001f58                shutdown
                0x02001ce0                gethostbyname
                0x02002490                closesocket
                0x02001d90                getpeername
                0x02001a54                getsockopt
                0x02001cec                getsockname
 .text          0x0200257c     0x15dc /opt/devkitPro/libnds/lib/libdswifi9.a(wifi_arm9.o)
                0x02003a8c                Wifi_InitDefault
                0x0200265c                wHeapFree
                0x02002994                Wifi_RawSetPacketHandler
                0x020029e4                Wifi_SetPromiscuousMode
                0x02002f90                wifiValue32Handler
                0x020029a0                Wifi_SetSyncHandler
                0x02002bb8                Wifi_GetData
                0x02002824                Wifi_RawTxFrame
                0x020026a8                ethhdr_print
                0x02002c60                Wifi_SetIP
                0x020039d0                wHeapAllocInit
                0x02002ac0                Wifi_DisconnectAP
                0x02002c50                arm9_synctoarm7
                0x02002b78                Wifi_GetIPInfo
                0x02002a30                Wifi_SetChannel
                0x02002fa4                Wifi_Timer
                0x02002b38                Wifi_CheckInit
                0x0200258c                sgIP_RestoreInterrupts
                0x0200259c                sgIP_IntrWaitEvent
                0x020039f8                Wifi_Init
                0x02002fc4                Wifi_TransmitFunction
                0x020033c8                Wifi_FindMatchingAP
                0x02002a58                Wifi_GetNumAP
                0x020026c0                Wifi_CopyMacAddr
                0x02002f84                Wifi_Sync
                0x020026ac                erasemem
                0x020029c8                Wifi_EnableWifi
                0x02002788                Wifi_RxRawReadPacket
                0x02002af0                Wifi_Interface_Init
                0x020038a0                Wifi_ConnectAP
                0x02002b64                Wifi_GetIP
                0x02002fb4                Timer_50ms
                0x02002bb4                Wifi_SetDHCP
                0x020026d0                Wifi_CmpMacAddr
                0x02002a14                Wifi_ScanMode
                0x02003320                Wifi_GetAPData
                0x02002a90                Wifi_AutoConnect
                0x02002688                sgIP_free
                0x020034f8                Wifi_AssocStatus
                0x0200267c                sgIP_malloc
                0x020026fc                Wifi_TxBufferWordsAvailable
                0x020025a0                wHeapAlloc
                0x02002724                Wifi_TxBufferWrite
                0x02002c88                Wifi_Update
                0x020027f8                Wifi_RxReadOffset
                0x02002c2c                Wifi_GetStats
                0x020029ac                Wifi_DisableWifi
                0x0200257c                sgIP_DisableInterrupts
 .text          0x02003b58       0x5c /opt/devkitPro/libnds/lib/libdswifi9.a(spinlock.o)
                0x02003b58                SLasm_Acquire
                0x02003b8c                SLasm_Release
 .text          0x02003bb4       0xa4 /opt/devkitPro/libnds/lib/libdswifi9.a(sgIP.o)
                0x02003bb4                sgIP_Timer
                0x02003c1c                sgIP_Init
 .text          0x02003c58      0x668 /opt/devkitPro/libnds/lib/libdswifi9.a(sgIP_ARP.o)
                0x020041a4                sgIP_ARP_ProcessARPFrame
                0x02003c8c                sgIP_is_broadcast_address
                0x02003f9c                sgIP_ARP_Timer100ms
                0x02003c9c                sgIP_ARP_Init
                0x02003dd8                sgIP_ARP_SendGratARP
                0x02003cf0                sgIP_ARP_ProcessIPFrame
                0x02003c98                sgIP_ARP_Check_isok
                0x02003cbc                sgIP_ARP_FlushInterface
                0x02003cf4                sgIP_ARP_SendARPRequest
                0x02003ebc                sgIP_ARP_SendARPResponse
                0x0200406c                sgIP_ARP_SendProtocolFrame
                0x02004014                sgIP_GetArpSlot
                0x02003c58                sgIP_FindArpSlot
 .text          0x020042c0      0x8e8 /opt/devkitPro/libnds/lib/libdswifi9.a(sgIP_DHCP.o)
                0x020042c0                sgIP_DHCP_IsDhcpIp
                0x02004b68                sgIP_DHCP_Init
                0x020046a4                sgIP_DHCP_Update
                0x02004a64                sgIP_DHCP_Release
                0x020043e0                sgIP_DHCP_BeginDgram
                0x020043a8                sgIP_DHCP_Terminate
                0x020042d0                sethostname
                0x02004628                sgIP_DHCP_SendDgram
                0x0200434c                gethostname
                0x02004a9c                sgIP_DHCP_Start
                0x0200438c                sgIP_DHCP_SetHostName
 .text          0x02004ba8      0xabc /opt/devkitPro/libnds/lib/libdswifi9.a(sgIP_DNS.o)
                0x02005250                sgIP_DNS_gethostbyname
                0x02004e34                sgIP_DNS_GetUnusedRecord
                0x02004ec8                sgIP_DNS_FindDNSRecord
                0x02005234                inet_addr
                0x02004be0                sgIP_DNS_Timer1000ms
                0x02004cd8                sgIP_DNS_GenerateHostent
                0x02005218                inet_aton
                0x02004e20                inet_ntoa
                0x02004ba8                sgIP_DNS_Init
                0x02004fe0                sgIP_DNS_isipaddress
                0x02004dac                sgIP_DNS_CopyAliasAt
 .text          0x02005664      0x150 /opt/devkitPro/libnds/lib/libdswifi9.a(sgIP_IP.o)
                0x02005664                sgIP_IP_RequiredHeaderSize
                0x0200571c                sgIP_IP_ReceivePacket
                0x0200567c                sgIP_IP_SendViaIP
                0x02005668                sgIP_IP_GetLocalBindAddr
                0x0200570c                sgIP_IP_MaxContentsSize
 .text          0x020057b4     0x11cc /opt/devkitPro/libnds/lib/libdswifi9.a(sgIP_TCP.o)
                0x020057b4                sgIP_TCP_Init
                0x02005838                sgIP_TCP_GetUnusedOutgoingPort
                0x020058a4                sgIP_TCP_Close
                0x020060b4                sgIP_TCP_Timer
                0x02005dd4                sgIP_TCP_Recv
                0x020059cc                sgIP_TCP_AllocRecord
                0x02005a1c                sgIP_TCP_FreeRecord
                0x02006320                sgIP_TCP_CalcChecksum
                0x020058d4                sgIP_TCP_Accept
                0x02005b08                sgIP_TCP_GenHeader
                0x02005974                sgIP_TCP_Listen
                0x02005fe8                sgIP_TCP_Connect
                0x02005c48                sgIP_TCP_SendSynReply
                0x0200638c                sgIP_TCP_ReceivePacket
                0x02005cec                sgIP_TCP_SendPacket
                0x02005ed4                sgIP_TCP_Send
                0x020057e8                sgIP_TCP_support_seqhash
                0x0200594c                sgIP_TCP_Bind
                0x02005bcc                sgIP_TCP_FixChecksum
 .text          0x02006980      0x474 /opt/devkitPro/libnds/lib/libdswifi9.a(sgIP_UDP.o)
                0x02006a04                sgIP_UDP_Bind
                0x0200699c                sgIP_UDP_GetUnusedOutgoingPort
                0x02006bd8                sgIP_UDP_CalcChecksum
                0x02006980                sgIP_UDP_Init
                0x02006b34                sgIP_UDP_FreeRecord
                0x02006c4c                sgIP_UDP_SendPacket
                0x02006d48                sgIP_UDP_ReceivePacket
                0x02006d34                sgIP_UDP_SendTo
                0x02006a40                sgIP_UDP_RecvFrom
                0x02006b98                sgIP_UDP_AllocRecord
 .text          0x02006df4       0x6c /opt/devkitPro/libnds/lib/libdswifi9.a(sgIP_ICMP.o)
                0x02006df8                sgIP_ICMP_ReceivePacket
                0x02006df4                sgIP_ICMP_Init
 .text          0x02006e60       0xec /opt/devkitPro/libnds/lib/libnds9.a(initSystem.o)
                0x02006e60                initSystem
 .text          0x02006f4c      0x134 /opt/devkitPro/libnds/lib/libnds9.a(keys.o)
                0x0200700c                keysSetRepeat
                0x02006ffc                keysDownRepeat
                0x02007048                keysCurrent
                0x02006fdc                keysHeld
                0x02007030                keysUp
                0x02006fe8                keysDown
                0x02006f4c                scanKeys
 .text          0x02007080       0xf4 /opt/devkitPro/libnds/lib/libnds9.a(system.o)
                0x02007130                systemMsgHandler
                0x020070c8                powerOn
                0x02007118                powerValueHandler
                0x02007080                ledBlink
                0x020070fc                systemSleep
                0x02007098                powerOff
 .text          0x02007174       0x4c /opt/devkitPro/libnds/lib/libnds9.a(touch.o)
                0x02007174                touchRead
                0x0200719c                touchReadXY
 .text          0x020071c0      0xa94 /opt/devkitPro/libnds/lib/libnds9.a(videoGL.o)
                0x02007308                glTexCoord2f32
                0x02007644                glTexImage2D
                0x0200727c                glGenTextures
                0x0200724c                glResetTextures
                0x02007960                glRotatef32i
                0x020075ec                glTexLoadPal
                0x02007394                glTexParameter
                0x020071c0                glGetGlobals
                0x02007414                getNextPaletteSlot
                0x02007468                vramGetBank
                0x02007404                alignVal
                0x020073ec                glGetTexParameter
                0x02007620                gluTexLoadPal
                0x020071c8                glMaterialf
                0x020072bc                glBindTexture
                0x020073c4                glGetTexturePointer
                0x02007528                vramIsTextureBank
                0x020072ec                glColorTable
                0x02007588                getNextTextureSlot
                0x020077bc                glInit_C
 .text          0x02007c54     0x18b8 /opt/devkitPro/libnds/lib/libnds9.a(fifosystem.o)
                0x02008bf0                fifoInternalRecvPopFirst
                0x02007cdc                fifoCheckValue32
                0x02007dec                fifoCheckDatamsgLength
                0x020085e4                fifoGetLostWordCount
                0x02008554                fifoGetBufferUsage
                0x020092b4                fifoSendValue32
                0x020091c4                fifoInternalSend
                0x020082bc                fifoGetDatamsg
                0x020080d4                fifoGetValue32
                0x02007eec                fifoGetAddress
                0x02007e7c                fifoCountDatamsg
                0x02008224                fifoForceValue32Handler
                0x02007d64                fifoCheckDatamsg
                0x02008b90                fifoInternalRecvPeek
                0x020090e4                fifoInternalAllocFreeBlock
                0x020080ac                fifoSetAddressHandler
                0x02008b50                fifoInternalProtect
                0x02008498                fifoForceDatamsgHandler
                0x02008ff8                fifoInternalSendEnqueue
                0x0200925c                fifoSendDatamsg
                0x02008e30                fifoInternalSendEmpty
                0x02008f7c                fifoInternalSendInterrupt
                0x020092fc                fifoSendAddress
                0x02008e40                fifoInternalSendDeque
                0x020085f0                fifoInternalRecvInterrupt
                0x02007c54                fifoCheckAddress
                0x02009138                fifoInternalFreeCheck
                0x02008cc4                fifoInternalRecvWordCount
                0x02008d44                fifoInternalRecvPushBack
                0x02008b6c                fifoInternalUnprotect
                0x0200803c                fifoForceAddressHandler
                0x02008294                fifoSetValue32Handler
                0x02008f14                fifoInternalBeginSend
                0x02009338                fifoInit
                0x0200852c                fifoSetDatamsgHandler
                0x02009114                fifoInternalFreeBlock
 .text          0x0200950c      0x1a8 /opt/devkitPro/libnds/lib/libnds9.a(interrupts.o)
                0x020095ec                irqEnable
                0x02009510                irqSet
                0x02009638                irqDisable
                0x02009570                irqInit
                0x0200950c                irqDummy
                0x020095bc                irqInitHandler
                0x02009684                irqClear
 .text          0x020096b4       0x70 /opt/devkitPro/libnds/lib/libnds9.a(dcache.o)
                0x020096b4                DC_FlushAll
                0x020096e0                DC_FlushRange
                0x02009708                DC_InvalidateRange
                0x020096fc                DC_InvalidateAll
 *fill*         0x02009724        0xc ff
 .text          0x02009730       0x70 /opt/devkitPro/libnds/lib/libnds9.a(biosCalls.o)
                0x02009740                swiSleep
                0x0200977a                swiDecompressLZSSVram
                0x02009762                swiFastCopy
                0x02009766                swiSqrt
                0x02009730                swiSoftReset
                0x0200976a                swiCRC16
                0x0200977e                swiDecompressHuffman
                0x02009796                swiSetHaltCR
                0x0200974c                swiRemainder
                0x02009772                swiUnpackBits
                0x02009776                swiDecompressLZSSWram
                0x02009792                swiDecodeDelta16
                0x02009734                swiDelay
                0x02009752                swiDivMod
                0x02009786                swiDecompressRLEVram
                0x02009782                swiDecompressRLEWram
                0x0200978e                swiDecodeDelta8
                0x02009748                swiDivide
                0x02009744                swiChangeSoundBias
                0x0200973c                swiWaitForVBlank
                0x02009738                swiIntrWait
                0x0200976e                swiIsDebugger
                0x0200978a                swiWaitForIRQ
                0x0200975e                swiCopy
 .text          0x020097a0        0x0 /opt/devkitPro/libnds/lib/libnds9.a(interruptDispatcher.o)
 .text          0x020097a0      0x264 /opt/devkitPro/libnds/lib/libnds9.a(trig.o)
                0x02009938                arcSinComp
                0x02009968                asinLerp
                0x020098f8                tanLerp
                0x020097a0                sinLutLookup
                0x020098ac                tanLutLookup
                0x02009890                cosLerp
                0x020099e8                acosLerp
                0x020097f0                sinLerp
 .text          0x02009a04      0x144 /opt/devkitPro/libnds/lib/libnds9.a(video.o)
                0x02009ab8                vramSetBankF
                0x02009a48                vramRestoreMainBanks
                0x02009ae0                vramSetBankH
                0x02009a90                vramSetBankD
                0x02009aa4                vramSetBankE
                0x02009b08                setBrightness
                0x02009acc                vramSetBankG
                0x02009a68                vramSetBankB
                0x02009a7c                vramSetBankC
                0x02009af4                vramSetBankI
                0x02009a04                vramSetMainBanks
                0x02009a54                vramSetBankA
 .text          0x02009b48       0x8c /opt/devkitPro/devkitARM/lib/gcc/arm-eabi/4.3.3/thumb/libgcc.a(_udivsi3.o)
                0x02009b48                __udivsi3
                0x02009b48                __aeabi_uidiv
                0x02009bc4                __aeabi_uidivmod
 .text          0x02009bd4       0xa4 /opt/devkitPro/devkitARM/lib/gcc/arm-eabi/4.3.3/thumb/libgcc.a(_divsi3.o)
                0x02009bd4                __aeabi_idiv
                0x02009bd4                __divsi3
                0x02009c68                __aeabi_idivmod
 .text          0x02009c78        0x4 /opt/devkitPro/devkitARM/lib/gcc/arm-eabi/4.3.3/thumb/libgcc.a(_dvmd_tls.o)
                0x02009c78                __aeabi_ldiv0
                0x02009c78                __div0
                0x02009c78                __aeabi_idiv0
 .text          0x02009c7c       0x70 /opt/devkitPro/devkitARM/lib/gcc/arm-eabi/4.3.3/thumb/libgcc.a(_muldi3.o)
                0x02009c7c                __aeabi_lmul
                0x02009c7c                __muldi3
 .text          0x02009cec       0x5c /opt/devkitPro/devkitARM/lib/gcc/arm-eabi/4.3.3/../../../../arm-eabi/lib/thumb/libg.a(lib_a-bsearch.o)
                0x02009cec                bsearch
 .text          0x02009d48        0xc /opt/devkitPro/devkitARM/lib/gcc/arm-eabi/4.3.3/../../../../arm-eabi/lib/thumb/libg.a(lib_a-errno.o)
                0x02009d48                __errno
 .text          0x02009d54        0x0 /opt/devkitPro/devkitARM/lib/gcc/arm-eabi/4.3.3/../../../../arm-eabi/lib/thumb/libg.a(lib_a-impure.o)
 .text          0x02009d54       0x88 /opt/devkitPro/devkitARM/lib/gcc/arm-eabi/4.3.3/../../../../arm-eabi/lib/thumb/libg.a(lib_a-init.o)
                0x02009d84                __libc_init_array
                0x02009d54                __libc_fini_array
 .text          0x02009ddc       0x30 /opt/devkitPro/devkitARM/lib/gcc/arm-eabi/4.3.3/../../../../arm-eabi/lib/thumb/libg.a(lib_a-malloc.o)
                0x02009df4                malloc
                0x02009ddc                free
 .text          0x02009e0c      0x510 /opt/devkitPro/devkitARM/lib/gcc/arm-eabi/4.3.3/../../../../arm-eabi/lib/thumb/libg.a(lib_a-mallocr.o)
                0x02009e0c                _malloc_r
 .text          0x0200a31c       0x88 /opt/devkitPro/devkitARM/lib/gcc/arm-eabi/4.3.3/../../../../arm-eabi/lib/thumb/libg.a(lib_a-memcpy.o)
                0x0200a31c                memcpy
 .text          0x0200a3a4       0xb0 /opt/devkitPro/devkitARM/lib/gcc/arm-eabi/4.3.3/../../../../arm-eabi/lib/thumb/libg.a(lib_a-memset.o)
                0x0200a3a4                memset
 .text          0x0200a454        0x8 /opt/devkitPro/devkitARM/lib/gcc/arm-eabi/4.3.3/../../../../arm-eabi/lib/thumb/libg.a(lib_a-mlock.o)
                0x0200a458                __malloc_unlock
                0x0200a454                __malloc_lock
 .text          0x0200a45c       0x3c /opt/devkitPro/devkitARM/lib/gcc/arm-eabi/4.3.3/../../../../arm-eabi/lib/thumb/libg.a(lib_a-printf.o)
                0x0200a45c                printf
                0x0200a480                _printf_r
 .text          0x0200a498       0x88 /opt/devkitPro/devkitARM/lib/gcc/arm-eabi/4.3.3/../../../../arm-eabi/lib/thumb/libg.a(lib_a-puts.o)
                0x0200a498                _puts_r
                0x0200a508                puts
 .text          0x0200a520       0x1c /opt/devkitPro/devkitARM/lib/gcc/arm-eabi/4.3.3/../../../../arm-eabi/lib/thumb/libg.a(lib_a-realloc.o)
                0x0200a520                realloc
 .text          0x0200a53c      0x340 /opt/devkitPro/devkitARM/lib/gcc/arm-eabi/4.3.3/../../../../arm-eabi/lib/thumb/libg.a(lib_a-reallocr.o)
                0x0200a53c                _realloc_r
 .text          0x0200a87c       0x5c /opt/devkitPro/devkitARM/lib/gcc/arm-eabi/4.3.3/../../../../arm-eabi/lib/thumb/libg.a(lib_a-strcmp.o)
                0x0200a87c                strcmp
 .text          0x0200a8d8       0x60 /opt/devkitPro/devkitARM/lib/gcc/arm-eabi/4.3.3/../../../../arm-eabi/lib/thumb/libg.a(lib_a-strlen.o)
                0x0200a8d8                strlen
 .text          0x0200a938       0x74 /opt/devkitPro/devkitARM/lib/gcc/arm-eabi/4.3.3/../../../../arm-eabi/lib/thumb/libg.a(lib_a-strncpy.o)
                0x0200a938                strncpy
 *fill*         0x0200a9ac        0x4 ff
 .text          0x0200a9b0     0x16f8 /opt/devkitPro/devkitARM/lib/gcc/arm-eabi/4.3.3/../../../../arm-eabi/lib/thumb/libg.a(lib_a-vfprintf.o)
                0x0200a9d0                _vfprintf_r
                0x0200c084                vfprintf
 .text          0x0200c0a8       0x68 /opt/devkitPro/devkitARM/lib/gcc/arm-eabi/4.3.3/../../../../arm-eabi/lib/thumb/libg.a(lib_a-wcrtomb.o)
                0x0200c0a8                _wcrtomb_r
                0x0200c0ec                wcrtomb
 .text          0x0200c110      0x108 /opt/devkitPro/devkitARM/lib/gcc/arm-eabi/4.3.3/../../../../arm-eabi/lib/thumb/libg.a(lib_a-wcsrtombs.o)
                0x0200c110                _wcsrtombs_r
                0x0200c1f0                wcsrtombs
 .text          0x0200c218      0x2c8 /opt/devkitPro/devkitARM/lib/gcc/arm-eabi/4.3.3/../../../../arm-eabi/lib/thumb/libg.a(lib_a-wctomb_r.o)
                0x0200c218                _wctomb_r
 .text          0x0200c4e0       0xc8 /opt/devkitPro/devkitARM/lib/gcc/arm-eabi/4.3.3/../../../../arm-eabi/lib/thumb/libg.a(lib_a-wsetup.o)
                0x0200c4e0                __swsetup_r
 .text          0x0200c5a8      0xf70 /opt/devkitPro/devkitARM/lib/gcc/arm-eabi/4.3.3/../../../../arm-eabi/lib/thumb/libg.a(lib_a-dtoa.o)
                0x0200c714                _dtoa_r
 .text          0x0200d518      0x150 /opt/devkitPro/devkitARM/lib/gcc/arm-eabi/4.3.3/../../../../arm-eabi/lib/thumb/libg.a(lib_a-fflush.o)
                0x0200d634                fflush
                0x0200d518                _fflush_r
 .text          0x0200d668      0x1f0 /opt/devkitPro/devkitARM/lib/gcc/arm-eabi/4.3.3/../../../../arm-eabi/lib/thumb/libg.a(lib_a-findfp.o)
                0x0200d734                __sinit
                0x0200d790                __sfmoreglue
                0x0200d6cc                _cleanup
                0x0200d6b8                _cleanup_r
                0x0200d69c                __fp_lock_all
                0x0200d668                __sfp_lock_acquire
                0x0200d7c4                __sfp
                0x0200d674                __sinit_lock_release
                0x0200d680                __fp_unlock_all
                0x0200d66c                __sfp_lock_release
                0x0200d670                __sinit_lock_acquire
 .text          0x0200d858      0x23c /opt/devkitPro/devkitARM/lib/gcc/arm-eabi/4.3.3/../../../../arm-eabi/lib/thumb/libg.a(lib_a-freer.o)
                0x0200d900                _free_r
                0x0200d858                _malloc_trim_r
 .text          0x0200da94      0x318 /opt/devkitPro/devkitARM/lib/gcc/arm-eabi/4.3.3/../../../../arm-eabi/lib/thumb/libg.a(lib_a-fvwrite.o)
                0x0200da94                __sfvwrite_r
 .text          0x0200ddac       0xc8 /opt/devkitPro/devkitARM/lib/gcc/arm-eabi/4.3.3/../../../../arm-eabi/lib/thumb/libg.a(lib_a-fwalk.o)
                0x0200de14                _fwalk
                0x0200ddac                _fwalk_reent
 .text          0x0200de74      0x28c /opt/devkitPro/devkitARM/lib/gcc/arm-eabi/4.3.3/../../../../arm-eabi/lib/thumb/libg.a(lib_a-locale.o)
                0x0200de90                _setlocale_r
                0x0200de74                __locale_charset
                0x0200de80                _localeconv_r
                0x0200e0e4                setlocale
                0x0200de88                localeconv
 .text          0x0200e100       0xe8 /opt/devkitPro/devkitARM/lib/gcc/arm-eabi/4.3.3/../../../../arm-eabi/lib/thumb/libg.a(lib_a-makebuf.o)
                0x0200e100                __smakebuf_r
 .text          0x0200e1e8      0x69c /opt/devkitPro/devkitARM/lib/gcc/arm-eabi/4.3.3/../../../../arm-eabi/lib/thumb/libg.a(lib_a-mbtowc_r.o)
                0x0200e1e8                _mbtowc_r
 .text          0x0200e884       0x8c /opt/devkitPro/devkitARM/lib/gcc/arm-eabi/4.3.3/../../../../arm-eabi/lib/thumb/libg.a(lib_a-memchr.o)
                0x0200e884                memchr
 .text          0x0200e910       0xb0 /opt/devkitPro/devkitARM/lib/gcc/arm-eabi/4.3.3/../../../../arm-eabi/lib/thumb/libg.a(lib_a-memmove.o)
                0x0200e910                memmove
 .text          0x0200e9c0      0x9e8 /opt/devkitPro/devkitARM/lib/gcc/arm-eabi/4.3.3/../../../../arm-eabi/lib/thumb/libg.a(lib_a-mprec.o)
                0x0200ec38                _mprec_log10
                0x0200ecc8                __any_on
                0x0200ed24                _Balloc
                0x0200ebe4                __ratio
                0x0200f190                __i2b
                0x0200eb28                __b2d
                0x0200f308                __s2b
                0x0200ea98                __mcmp
                0x0200e9dc                __hi0bits
                0x0200f250                __pow5mult
                0x0200ef70                __lshift
                0x0200f030                __multiply
                0x0200ed78                __d2b
                0x0200ec7c                __copybits
                0x0200eadc                __ulp
                0x0200ee4c                __mdiff
                0x0200ea30                __lo0bits
                0x0200f1a8                __multadd
                0x0200e9c0                _Bfree
 .text          0x0200f3a8       0x24 /opt/devkitPro/devkitARM/lib/gcc/arm-eabi/4.3.3/../../../../arm-eabi/lib/thumb/libg.a(lib_a-s_isinfd.o)
                0x0200f3a8                __isinfd
 .text          0x0200f3cc       0x1c /opt/devkitPro/devkitARM/lib/gcc/arm-eabi/4.3.3/../../../../arm-eabi/lib/thumb/libg.a(lib_a-s_isnand.o)
                0x0200f3cc                __isnand
 .text          0x0200f3e8       0xb8 /opt/devkitPro/devkitARM/lib/gcc/arm-eabi/4.3.3/../../../../arm-eabi/lib/thumb/libg.a(lib_a-stdio.o)
                0x0200f3fc                __sseek
                0x0200f470                __sread
                0x0200f3e8                __sclose
                0x0200f430                __swrite
 .text          0x0200f4a0       0x48 /opt/devkitPro/devkitARM/lib/gcc/arm-eabi/4.3.3/../../../../arm-eabi/lib/thumb/libg.a(lib_a-strcpy.o)
                0x0200f4a0                strcpy
 .text          0x0200f4e8       0x5c /opt/devkitPro/devkitARM/lib/gcc/arm-eabi/4.3.3/../../../../arm-eabi/lib/thumb/libg.a(lib_a-callocr.o)
                0x0200f4e8                _calloc_r
 .text          0x0200f544       0xc0 /opt/devkitPro/devkitARM/lib/gcc/arm-eabi/4.3.3/../../../../arm-eabi/lib/thumb/libg.a(lib_a-fclose.o)
                0x0200f544                _fclose_r
                0x0200f5e8                fclose
 .text          0x0200f604       0x54 /opt/devkitPro/devkitARM/lib/gcc/arm-eabi/4.3.3/../../../../arm-eabi/lib/thumb/libsysbase.a(close.o)
                0x0200f604                _close_r
 .text          0x0200f658       0x5c /opt/devkitPro/devkitARM/lib/gcc/arm-eabi/4.3.3/../../../../arm-eabi/lib/thumb/libsysbase.a(fstat.o)
                0x0200f658                _fstat_r
 .text          0x0200f6b4        0x4 /opt/devkitPro/devkitARM/lib/gcc/arm-eabi/4.3.3/../../../../arm-eabi/lib/thumb/libsysbase.a(isatty.o)
                0x0200f6b4                _isatty_r
 .text          0x0200f6b8       0x54 /opt/devkitPro/devkitARM/lib/gcc/arm-eabi/4.3.3/../../../../arm-eabi/lib/thumb/libsysbase.a(lseek.o)
                0x0200f6b8                _lseek_r
 .text          0x0200f70c       0x54 /opt/devkitPro/devkitARM/lib/gcc/arm-eabi/4.3.3/../../../../arm-eabi/lib/thumb/libsysbase.a(read.o)
                0x0200f70c                _read_r
 .text          0x0200f760       0x54 /opt/devkitPro/devkitARM/lib/gcc/arm-eabi/4.3.3/../../../../arm-eabi/lib/thumb/libsysbase.a(sbrk.o)
                0x0200f760                _sbrk_r
 .text          0x0200f7b4       0x4c /opt/devkitPro/devkitARM/lib/gcc/arm-eabi/4.3.3/../../../../arm-eabi/lib/thumb/libsysbase.a(times.o)
                0x0200f7bc                _gettimeofday_r
                0x0200f7b4                _times_r
                0x0200f7e8                _times
 .text          0x0200f800       0x54 /opt/devkitPro/devkitARM/lib/gcc/arm-eabi/4.3.3/../../../../arm-eabi/lib/thumb/libsysbase.a(write.o)
                0x0200f800                _write_r
 .text          0x0200f854        0x0 /opt/devkitPro/devkitARM/lib/gcc/arm-eabi/4.3.3/../../../../arm-eabi/lib/thumb/libsysbase.a(malloc_vars.o)
 .text          0x0200f854       0x54 /opt/devkitPro/devkitARM/lib/gcc/arm-eabi/4.3.3/../../../../arm-eabi/lib/thumb/libsysbase.a(build_argv.o)
                0x0200f854                build_argv
 .text          0x0200f8a8       0x90 /opt/devkitPro/devkitARM/lib/gcc/arm-eabi/4.3.3/../../../../arm-eabi/lib/thumb/libsysbase.a(handle_manager.o)
                0x0200f908                __release_handle
                0x0200f8c8                __alloc_handle
                0x0200f8a8                __get_handle
 .text          0x0200f938      0x134 /opt/devkitPro/devkitARM/lib/gcc/arm-eabi/4.3.3/../../../../arm-eabi/lib/thumb/libsysbase.a(iosupport.o)
                0x0200fa48                RemoveDevice
                0x0200f938                setDefaultDevice
                0x0200f94c                AddDevice
                0x0200fa28                GetDeviceOpTab
                0x0200f9c4                FindDevice
 .text          0x0200fa6c      0x41c /opt/devkitPro/devkitARM/lib/gcc/arm-eabi/4.3.3/thumb/libgcc.a(_addsubdf3.o)
                0x0200fe28                __floatdidf
                0x0200fdac                __floatsidf
                0x0200fd88                __aeabi_ui2d
                0x0200fa6c                __aeabi_drsub
                0x0200fdd4                __extendsfdf2
                0x0200fa78                __adddf3
                0x0200fd88                __floatunsidf
                0x0200fa78                __aeabi_dadd
                0x0200fe14                __aeabi_ul2d
                0x0200fa74                __aeabi_dsub
                0x0200fe14                __floatundidf
                0x0200fdac                __aeabi_i2d
                0x0200fe28                __aeabi_l2d
                0x0200fdd4                __aeabi_f2d
                0x0200fa74                __subdf3
 .text          0x0200fe88      0x49c /opt/devkitPro/devkitARM/lib/gcc/arm-eabi/4.3.3/thumb/libgcc.a(_muldivdf3.o)
                0x02010118                __aeabi_ddiv
                0x0200fe88                __aeabi_dmul
                0x02010118                __divdf3
                0x0200fe88                __muldf3
 .text          0x02010324      0x140 /opt/devkitPro/devkitARM/lib/gcc/arm-eabi/4.3.3/thumb/libgcc.a(_cmpdf2.o)
                0x0201041c                __aeabi_dcmple
                0x02010334                __cmpdf2
                0x02010334                __eqdf2
                0x02010324                __gtdf2
                0x020103d4                __aeabi_cdcmple
                0x020103b8                __aeabi_cdrcmple
                0x0201032c                __ltdf2
                0x02010404                __aeabi_dcmplt
                0x0201032c                __ledf2
                0x0201044c                __aeabi_dcmpgt
                0x02010434                __aeabi_dcmpge
                0x02010334                __nedf2
                0x020103ec                __aeabi_dcmpeq
                0x020103d4                __aeabi_cdcmpeq
                0x02010324                __gedf2
 .text          0x02010464       0x5c /opt/devkitPro/devkitARM/lib/gcc/arm-eabi/4.3.3/thumb/libgcc.a(_fixdfsi.o)
                0x02010464                __fixdfsi
                0x02010464                __aeabi_d2iz
 .text          0x020104c0       0x9c /opt/devkitPro/devkitARM/lib/gcc/arm-eabi/4.3.3/../../../../arm-eabi/lib/thumb/libg.a(lib_a-strncmp.o)
                0x020104c0                strncmp
 .text          0x0201055c        0x0 /opt/devkitPro/devkitARM/lib/gcc/arm-eabi/4.3.3/thumb/crtend.o
 .text          0x0201055c        0x0 /opt/devkitPro/devkitARM/lib/gcc/arm-eabi/4.3.3/thumb/crtn.o
 *(.text.*)
 *(.stub)
 *(.gnu.warning)
 *(.gnu.linkonce.t*)
 *(.glue_7)
 .glue_7        0x0201055c        0x0 /opt/devkitPro/devkitARM/lib/gcc/arm-eabi/4.3.3/../../../../arm-eabi/lib/thumb/ds_arm9_crt0.o
 .glue_7        0x0201055c        0x0 /opt/devkitPro/devkitARM/lib/gcc/arm-eabi/4.3.3/thumb/crti.o
 .glue_7        0x0201055c        0x0 /opt/devkitPro/devkitARM/lib/gcc/arm-eabi/4.3.3/thumb/crtbegin.o
 .glue_7        0x0201055c        0x0 soundbank.bin.o
 .glue_7        0x0201055c        0x0 background2.o
 .glue_7        0x0201055c        0x0 background.o
 .glue_7        0x0201055c        0x0 boat.o
 .glue_7        0x0201055c        0x0 Gameboard.o
 .glue_7        0x0201055c        0x0 Gameplay.o
 .glue_7        0x0201055c        0x0 Gamestate.o
 .glue_7        0x0201055c        0x0 main.o
 .glue_7        0x0201055c        0x0 P_Controls.o
 .glue_7        0x0201055c        0x0 P_Graphics.o
 .glue_7        0x0201055c        0x0 P_Initializer.o
 .glue_7        0x0201055c        0x0 P_Map10x10.o
 .glue_7        0x0201055c        0x0 Ship.o
 .glue_7        0x0201055c        0x0 WiFi_comms.o
 .glue_7        0x0201055c        0x0 WiFi_minilib.o
 .glue_7        0x0201055c        0x0 /opt/devkitPro/libnds/lib/libdswifi9.a(sgIP_Hub.o)
 .glue_7        0x0201055c        0x0 /opt/devkitPro/libnds/lib/libdswifi9.a(sgIP_memblock.o)
 .glue_7        0x0201055c        0x0 /opt/devkitPro/libnds/lib/libdswifi9.a(sgIP_sockets.o)
 .glue_7        0x0201055c        0x0 /opt/devkitPro/libnds/lib/libdswifi9.a(wifi_arm9.o)
 .glue_7        0x0201055c        0x0 /opt/devkitPro/libnds/lib/libdswifi9.a(spinlock.o)
 .glue_7        0x0201055c        0x0 /opt/devkitPro/libnds/lib/libdswifi9.a(sgIP.o)
 .glue_7        0x0201055c        0x0 /opt/devkitPro/libnds/lib/libdswifi9.a(sgIP_ARP.o)
 .glue_7        0x0201055c        0x0 /opt/devkitPro/libnds/lib/libdswifi9.a(sgIP_DHCP.o)
 .glue_7        0x0201055c        0x0 /opt/devkitPro/libnds/lib/libdswifi9.a(sgIP_DNS.o)
 .glue_7        0x0201055c        0x0 /opt/devkitPro/libnds/lib/libdswifi9.a(sgIP_IP.o)
 .glue_7        0x0201055c        0x0 /opt/devkitPro/libnds/lib/libdswifi9.a(sgIP_TCP.o)
 .glue_7        0x0201055c        0x0 /opt/devkitPro/libnds/lib/libdswifi9.a(sgIP_UDP.o)
 .glue_7        0x0201055c        0x0 /opt/devkitPro/libnds/lib/libdswifi9.a(sgIP_ICMP.o)
 .glue_7        0x0201055c        0x0 /opt/devkitPro/libnds/lib/libnds9.a(initSystem.o)
 .glue_7        0x0201055c        0x0 /opt/devkitPro/libnds/lib/libnds9.a(keys.o)
 .glue_7        0x0201055c        0x0 /opt/devkitPro/libnds/lib/libnds9.a(system.o)
 .glue_7        0x0201055c        0x0 /opt/devkitPro/libnds/lib/libnds9.a(touch.o)
 .glue_7        0x0201055c        0x0 /opt/devkitPro/libnds/lib/libnds9.a(videoGL.o)
 .glue_7        0x0201055c        0x0 /opt/devkitPro/libnds/lib/libnds9.a(fifosystem.o)
 .glue_7        0x0201055c        0x0 /opt/devkitPro/libnds/lib/libnds9.a(interrupts.o)
 .glue_7        0x0201055c        0x0 /opt/devkitPro/libnds/lib/libnds9.a(dcache.o)
 .glue_7        0x0201055c        0x0 /opt/devkitPro/libnds/lib/libnds9.a(biosCalls.o)
 .glue_7        0x0201055c        0x0 /opt/devkitPro/libnds/lib/libnds9.a(interruptDispatcher.o)
 .glue_7        0x0201055c        0x0 /opt/devkitPro/libnds/lib/libnds9.a(trig.o)
 .glue_7        0x0201055c        0x0 /opt/devkitPro/libnds/lib/libnds9.a(video.o)
 .glue_7        0x0201055c        0x0 /opt/devkitPro/devkitARM/lib/gcc/arm-eabi/4.3.3/thumb/libgcc.a(_udivsi3.o)
 .glue_7        0x0201055c        0x0 /opt/devkitPro/devkitARM/lib/gcc/arm-eabi/4.3.3/thumb/libgcc.a(_divsi3.o)
 .glue_7        0x0201055c        0x0 /opt/devkitPro/devkitARM/lib/gcc/arm-eabi/4.3.3/thumb/libgcc.a(_dvmd_tls.o)
 .glue_7        0x0201055c        0x0 /opt/devkitPro/devkitARM/lib/gcc/arm-eabi/4.3.3/thumb/libgcc.a(_muldi3.o)
 .glue_7        0x0201055c        0x0 /opt/devkitPro/devkitARM/lib/gcc/arm-eabi/4.3.3/../../../../arm-eabi/lib/thumb/libg.a(lib_a-bsearch.o)
 .glue_7        0x0201055c        0x0 /opt/devkitPro/devkitARM/lib/gcc/arm-eabi/4.3.3/../../../../arm-eabi/lib/thumb/libg.a(lib_a-errno.o)
 .glue_7        0x0201055c        0x0 /opt/devkitPro/devkitARM/lib/gcc/arm-eabi/4.3.3/../../../../arm-eabi/lib/thumb/libg.a(lib_a-impure.o)
 .glue_7        0x0201055c        0x0 /opt/devkitPro/devkitARM/lib/gcc/arm-eabi/4.3.3/../../../../arm-eabi/lib/thumb/libg.a(lib_a-init.o)
 .glue_7        0x0201055c        0x0 /opt/devkitPro/devkitARM/lib/gcc/arm-eabi/4.3.3/../../../../arm-eabi/lib/thumb/libg.a(lib_a-malloc.o)
 .glue_7        0x0201055c        0x0 /opt/devkitPro/devkitARM/lib/gcc/arm-eabi/4.3.3/../../../../arm-eabi/lib/thumb/libg.a(lib_a-mallocr.o)
 .glue_7        0x0201055c        0x0 /opt/devkitPro/devkitARM/lib/gcc/arm-eabi/4.3.3/../../../../arm-eabi/lib/thumb/libg.a(lib_a-memcpy.o)
 .glue_7        0x0201055c        0x0 /opt/devkitPro/devkitARM/lib/gcc/arm-eabi/4.3.3/../../../../arm-eabi/lib/thumb/libg.a(lib_a-memset.o)
 .glue_7        0x0201055c        0x0 /opt/devkitPro/devkitARM/lib/gcc/arm-eabi/4.3.3/../../../../arm-eabi/lib/thumb/libg.a(lib_a-mlock.o)
 .glue_7        0x0201055c        0x0 /opt/devkitPro/devkitARM/lib/gcc/arm-eabi/4.3.3/../../../../arm-eabi/lib/thumb/libg.a(lib_a-printf.o)
 .glue_7        0x0201055c        0x0 /opt/devkitPro/devkitARM/lib/gcc/arm-eabi/4.3.3/../../../../arm-eabi/lib/thumb/libg.a(lib_a-puts.o)
 .glue_7        0x0201055c        0x0 /opt/devkitPro/devkitARM/lib/gcc/arm-eabi/4.3.3/../../../../arm-eabi/lib/thumb/libg.a(lib_a-realloc.o)
 .glue_7        0x0201055c        0x0 /opt/devkitPro/devkitARM/lib/gcc/arm-eabi/4.3.3/../../../../arm-eabi/lib/thumb/libg.a(lib_a-reallocr.o)
 .glue_7        0x0201055c        0x0 /opt/devkitPro/devkitARM/lib/gcc/arm-eabi/4.3.3/../../../../arm-eabi/lib/thumb/libg.a(lib_a-strcmp.o)
 .glue_7        0x0201055c        0x0 /opt/devkitPro/devkitARM/lib/gcc/arm-eabi/4.3.3/../../../../arm-eabi/lib/thumb/libg.a(lib_a-strlen.o)
 .glue_7        0x0201055c        0x0 /opt/devkitPro/devkitARM/lib/gcc/arm-eabi/4.3.3/../../../../arm-eabi/lib/thumb/libg.a(lib_a-strncpy.o)
 .glue_7        0x0201055c        0x0 /opt/devkitPro/devkitARM/lib/gcc/arm-eabi/4.3.3/../../../../arm-eabi/lib/thumb/libg.a(lib_a-vfprintf.o)
 .glue_7        0x0201055c        0x0 /opt/devkitPro/devkitARM/lib/gcc/arm-eabi/4.3.3/../../../../arm-eabi/lib/thumb/libg.a(lib_a-wcrtomb.o)
 .glue_7        0x0201055c        0x0 /opt/devkitPro/devkitARM/lib/gcc/arm-eabi/4.3.3/../../../../arm-eabi/lib/thumb/libg.a(lib_a-wcsrtombs.o)
 .glue_7        0x0201055c        0x0 /opt/devkitPro/devkitARM/lib/gcc/arm-eabi/4.3.3/../../../../arm-eabi/lib/thumb/libg.a(lib_a-wctomb_r.o)
 .glue_7        0x0201055c        0x0 /opt/devkitPro/devkitARM/lib/gcc/arm-eabi/4.3.3/../../../../arm-eabi/lib/thumb/libg.a(lib_a-wsetup.o)
 .glue_7        0x0201055c        0x0 /opt/devkitPro/devkitARM/lib/gcc/arm-eabi/4.3.3/../../../../arm-eabi/lib/thumb/libg.a(lib_a-dtoa.o)
 .glue_7        0x0201055c        0x0 /opt/devkitPro/devkitARM/lib/gcc/arm-eabi/4.3.3/../../../../arm-eabi/lib/thumb/libg.a(lib_a-fflush.o)
 .glue_7        0x0201055c        0x0 /opt/devkitPro/devkitARM/lib/gcc/arm-eabi/4.3.3/../../../../arm-eabi/lib/thumb/libg.a(lib_a-findfp.o)
 .glue_7        0x0201055c        0x0 /opt/devkitPro/devkitARM/lib/gcc/arm-eabi/4.3.3/../../../../arm-eabi/lib/thumb/libg.a(lib_a-freer.o)
 .glue_7        0x0201055c        0x0 /opt/devkitPro/devkitARM/lib/gcc/arm-eabi/4.3.3/../../../../arm-eabi/lib/thumb/libg.a(lib_a-fvwrite.o)
 .glue_7        0x0201055c        0x0 /opt/devkitPro/devkitARM/lib/gcc/arm-eabi/4.3.3/../../../../arm-eabi/lib/thumb/libg.a(lib_a-fwalk.o)
 .glue_7        0x0201055c        0x0 /opt/devkitPro/devkitARM/lib/gcc/arm-eabi/4.3.3/../../../../arm-eabi/lib/thumb/libg.a(lib_a-locale.o)
 .glue_7        0x0201055c        0x0 /opt/devkitPro/devkitARM/lib/gcc/arm-eabi/4.3.3/../../../../arm-eabi/lib/thumb/libg.a(lib_a-makebuf.o)
 .glue_7        0x0201055c        0x0 /opt/devkitPro/devkitARM/lib/gcc/arm-eabi/4.3.3/../../../../arm-eabi/lib/thumb/libg.a(lib_a-mbtowc_r.o)
 .glue_7        0x0201055c        0x0 /opt/devkitPro/devkitARM/lib/gcc/arm-eabi/4.3.3/../../../../arm-eabi/lib/thumb/libg.a(lib_a-memchr.o)
 .glue_7        0x0201055c        0x0 /opt/devkitPro/devkitARM/lib/gcc/arm-eabi/4.3.3/../../../../arm-eabi/lib/thumb/libg.a(lib_a-memmove.o)
 .glue_7        0x0201055c        0x0 /opt/devkitPro/devkitARM/lib/gcc/arm-eabi/4.3.3/../../../../arm-eabi/lib/thumb/libg.a(lib_a-mprec.o)
 .glue_7        0x0201055c        0x0 /opt/devkitPro/devkitARM/lib/gcc/arm-eabi/4.3.3/../../../../arm-eabi/lib/thumb/libg.a(lib_a-s_isinfd.o)
 .glue_7        0x0201055c        0x0 /opt/devkitPro/devkitARM/lib/gcc/arm-eabi/4.3.3/../../../../arm-eabi/lib/thumb/libg.a(lib_a-s_isnand.o)
 .glue_7        0x0201055c        0x0 /opt/devkitPro/devkitARM/lib/gcc/arm-eabi/4.3.3/../../../../arm-eabi/lib/thumb/libg.a(lib_a-stdio.o)
 .glue_7        0x0201055c        0x0 /opt/devkitPro/devkitARM/lib/gcc/arm-eabi/4.3.3/../../../../arm-eabi/lib/thumb/libg.a(lib_a-strcpy.o)
 .glue_7        0x0201055c        0x0 /opt/devkitPro/devkitARM/lib/gcc/arm-eabi/4.3.3/../../../../arm-eabi/lib/thumb/libg.a(lib_a-callocr.o)
 .glue_7        0x0201055c        0x0 /opt/devkitPro/devkitARM/lib/gcc/arm-eabi/4.3.3/../../../../arm-eabi/lib/thumb/libg.a(lib_a-fclose.o)
 .glue_7        0x0201055c        0x0 /opt/devkitPro/devkitARM/lib/gcc/arm-eabi/4.3.3/../../../../arm-eabi/lib/thumb/libsysbase.a(close.o)
 .glue_7        0x0201055c        0x0 /opt/devkitPro/devkitARM/lib/gcc/arm-eabi/4.3.3/../../../../arm-eabi/lib/thumb/libsysbase.a(fstat.o)
 .glue_7        0x0201055c        0x0 /opt/devkitPro/devkitARM/lib/gcc/arm-eabi/4.3.3/../../../../arm-eabi/lib/thumb/libsysbase.a(isatty.o)
 .glue_7        0x0201055c        0x0 /opt/devkitPro/devkitARM/lib/gcc/arm-eabi/4.3.3/../../../../arm-eabi/lib/thumb/libsysbase.a(lseek.o)
 .glue_7        0x0201055c        0x0 /opt/devkitPro/devkitARM/lib/gcc/arm-eabi/4.3.3/../../../../arm-eabi/lib/thumb/libsysbase.a(read.o)
 .glue_7        0x0201055c        0x0 /opt/devkitPro/devkitARM/lib/gcc/arm-eabi/4.3.3/../../../../arm-eabi/lib/thumb/libsysbase.a(sbrk.o)
 .glue_7        0x0201055c        0x0 /opt/devkitPro/devkitARM/lib/gcc/arm-eabi/4.3.3/../../../../arm-eabi/lib/thumb/libsysbase.a(times.o)
 .glue_7        0x0201055c        0x0 /opt/devkitPro/devkitARM/lib/gcc/arm-eabi/4.3.3/../../../../arm-eabi/lib/thumb/libsysbase.a(write.o)
 .glue_7        0x0201055c        0x0 /opt/devkitPro/devkitARM/lib/gcc/arm-eabi/4.3.3/../../../../arm-eabi/lib/thumb/libsysbase.a(malloc_vars.o)
 .glue_7        0x0201055c        0x0 /opt/devkitPro/devkitARM/lib/gcc/arm-eabi/4.3.3/../../../../arm-eabi/lib/thumb/libsysbase.a(build_argv.o)
 .glue_7        0x0201055c        0x0 /opt/devkitPro/devkitARM/lib/gcc/arm-eabi/4.3.3/../../../../arm-eabi/lib/thumb/libsysbase.a(handle_manager.o)
 .glue_7        0x0201055c        0x0 /opt/devkitPro/devkitARM/lib/gcc/arm-eabi/4.3.3/../../../../arm-eabi/lib/thumb/libsysbase.a(iosupport.o)
 .glue_7        0x0201055c        0x0 /opt/devkitPro/devkitARM/lib/gcc/arm-eabi/4.3.3/thumb/libgcc.a(_addsubdf3.o)
 .glue_7        0x0201055c        0x0 /opt/devkitPro/devkitARM/lib/gcc/arm-eabi/4.3.3/thumb/libgcc.a(_muldivdf3.o)
 .glue_7        0x0201055c        0x0 /opt/devkitPro/devkitARM/lib/gcc/arm-eabi/4.3.3/thumb/libgcc.a(_cmpdf2.o)
 .glue_7        0x0201055c        0x0 /opt/devkitPro/devkitARM/lib/gcc/arm-eabi/4.3.3/thumb/libgcc.a(_fixdfsi.o)
 .glue_7        0x0201055c        0x0 /opt/devkitPro/devkitARM/lib/gcc/arm-eabi/4.3.3/../../../../arm-eabi/lib/thumb/libg.a(lib_a-strncmp.o)
 .glue_7        0x0201055c        0x0 /opt/devkitPro/devkitARM/lib/gcc/arm-eabi/4.3.3/thumb/crtend.o
 .glue_7        0x0201055c        0x0 /opt/devkitPro/devkitARM/lib/gcc/arm-eabi/4.3.3/thumb/crtn.o
 *(.glue_7t)
 .glue_7t       0x0201055c        0x0 /opt/devkitPro/devkitARM/lib/gcc/arm-eabi/4.3.3/../../../../arm-eabi/lib/thumb/ds_arm9_crt0.o
 .glue_7t       0x0201055c        0x0 /opt/devkitPro/devkitARM/lib/gcc/arm-eabi/4.3.3/thumb/crti.o
 .glue_7t       0x0201055c        0x0 /opt/devkitPro/devkitARM/lib/gcc/arm-eabi/4.3.3/thumb/crtbegin.o
 .glue_7t       0x0201055c        0x0 soundbank.bin.o
 .glue_7t       0x0201055c        0x0 background2.o
 .glue_7t       0x0201055c        0x0 background.o
 .glue_7t       0x0201055c        0x0 boat.o
 .glue_7t       0x0201055c        0x0 Gameboard.o
 .glue_7t       0x0201055c        0x0 Gameplay.o
 .glue_7t       0x0201055c        0x0 Gamestate.o
 .glue_7t       0x0201055c        0x0 main.o
 .glue_7t       0x0201055c        0x0 P_Controls.o
 .glue_7t       0x0201055c        0x0 P_Graphics.o
 .glue_7t       0x0201055c        0x0 P_Initializer.o
 .glue_7t       0x0201055c        0x0 P_Map10x10.o
 .glue_7t       0x0201055c        0x0 Ship.o
 .glue_7t       0x0201055c        0x0 WiFi_comms.o
 .glue_7t       0x0201055c        0x0 WiFi_minilib.o
 .glue_7t       0x0201055c        0x0 /opt/devkitPro/libnds/lib/libdswifi9.a(sgIP_Hub.o)
 .glue_7t       0x0201055c        0x0 /opt/devkitPro/libnds/lib/libdswifi9.a(sgIP_memblock.o)
 .glue_7t       0x0201055c        0x0 /opt/devkitPro/libnds/lib/libdswifi9.a(sgIP_sockets.o)
 .glue_7t       0x0201055c        0x0 /opt/devkitPro/libnds/lib/libdswifi9.a(wifi_arm9.o)
 .glue_7t       0x0201055c        0x0 /opt/devkitPro/libnds/lib/libdswifi9.a(spinlock.o)
 .glue_7t       0x0201055c        0x0 /opt/devkitPro/libnds/lib/libdswifi9.a(sgIP.o)
 .glue_7t       0x0201055c        0x0 /opt/devkitPro/libnds/lib/libdswifi9.a(sgIP_ARP.o)
 .glue_7t       0x0201055c        0x0 /opt/devkitPro/libnds/lib/libdswifi9.a(sgIP_DHCP.o)
 .glue_7t       0x0201055c        0x0 /opt/devkitPro/libnds/lib/libdswifi9.a(sgIP_DNS.o)
 .glue_7t       0x0201055c        0x0 /opt/devkitPro/libnds/lib/libdswifi9.a(sgIP_IP.o)
 .glue_7t       0x0201055c        0x0 /opt/devkitPro/libnds/lib/libdswifi9.a(sgIP_TCP.o)
 .glue_7t       0x0201055c        0x0 /opt/devkitPro/libnds/lib/libdswifi9.a(sgIP_UDP.o)
 .glue_7t       0x0201055c        0x0 /opt/devkitPro/libnds/lib/libdswifi9.a(sgIP_ICMP.o)
 .glue_7t       0x0201055c        0x0 /opt/devkitPro/libnds/lib/libnds9.a(initSystem.o)
 .glue_7t       0x0201055c        0x0 /opt/devkitPro/libnds/lib/libnds9.a(keys.o)
 .glue_7t       0x0201055c        0x0 /opt/devkitPro/libnds/lib/libnds9.a(system.o)
 .glue_7t       0x0201055c        0x0 /opt/devkitPro/libnds/lib/libnds9.a(touch.o)
 .glue_7t       0x0201055c        0x0 /opt/devkitPro/libnds/lib/libnds9.a(videoGL.o)
 .glue_7t       0x0201055c        0x0 /opt/devkitPro/libnds/lib/libnds9.a(fifosystem.o)
 .glue_7t       0x0201055c        0x0 /opt/devkitPro/libnds/lib/libnds9.a(interrupts.o)
 .glue_7t       0x0201055c        0x0 /opt/devkitPro/libnds/lib/libnds9.a(dcache.o)
 .glue_7t       0x0201055c        0x0 /opt/devkitPro/libnds/lib/libnds9.a(biosCalls.o)
 .glue_7t       0x0201055c        0x0 /opt/devkitPro/libnds/lib/libnds9.a(interruptDispatcher.o)
 .glue_7t       0x0201055c        0x0 /opt/devkitPro/libnds/lib/libnds9.a(trig.o)
 .glue_7t       0x0201055c        0x0 /opt/devkitPro/libnds/lib/libnds9.a(video.o)
 .glue_7t       0x0201055c        0x0 /opt/devkitPro/devkitARM/lib/gcc/arm-eabi/4.3.3/thumb/libgcc.a(_udivsi3.o)
 .glue_7t       0x0201055c        0x0 /opt/devkitPro/devkitARM/lib/gcc/arm-eabi/4.3.3/thumb/libgcc.a(_divsi3.o)
 .glue_7t       0x0201055c        0x0 /opt/devkitPro/devkitARM/lib/gcc/arm-eabi/4.3.3/thumb/libgcc.a(_dvmd_tls.o)
 .glue_7t       0x0201055c        0x0 /opt/devkitPro/devkitARM/lib/gcc/arm-eabi/4.3.3/thumb/libgcc.a(_muldi3.o)
 .glue_7t       0x0201055c        0x0 /opt/devkitPro/devkitARM/lib/gcc/arm-eabi/4.3.3/../../../../arm-eabi/lib/thumb/libg.a(lib_a-bsearch.o)
 .glue_7t       0x0201055c        0x0 /opt/devkitPro/devkitARM/lib/gcc/arm-eabi/4.3.3/../../../../arm-eabi/lib/thumb/libg.a(lib_a-errno.o)
 .glue_7t       0x0201055c        0x0 /opt/devkitPro/devkitARM/lib/gcc/arm-eabi/4.3.3/../../../../arm-eabi/lib/thumb/libg.a(lib_a-impure.o)
 .glue_7t       0x0201055c        0x0 /opt/devkitPro/devkitARM/lib/gcc/arm-eabi/4.3.3/../../../../arm-eabi/lib/thumb/libg.a(lib_a-init.o)
 .glue_7t       0x0201055c        0x0 /opt/devkitPro/devkitARM/lib/gcc/arm-eabi/4.3.3/../../../../arm-eabi/lib/thumb/libg.a(lib_a-malloc.o)
 .glue_7t       0x0201055c        0x0 /opt/devkitPro/devkitARM/lib/gcc/arm-eabi/4.3.3/../../../../arm-eabi/lib/thumb/libg.a(lib_a-mallocr.o)
 .glue_7t       0x0201055c        0x0 /opt/devkitPro/devkitARM/lib/gcc/arm-eabi/4.3.3/../../../../arm-eabi/lib/thumb/libg.a(lib_a-memcpy.o)
 .glue_7t       0x0201055c        0x0 /opt/devkitPro/devkitARM/lib/gcc/arm-eabi/4.3.3/../../../../arm-eabi/lib/thumb/libg.a(lib_a-memset.o)
 .glue_7t       0x0201055c        0x0 /opt/devkitPro/devkitARM/lib/gcc/arm-eabi/4.3.3/../../../../arm-eabi/lib/thumb/libg.a(lib_a-mlock.o)
 .glue_7t       0x0201055c        0x0 /opt/devkitPro/devkitARM/lib/gcc/arm-eabi/4.3.3/../../../../arm-eabi/lib/thumb/libg.a(lib_a-printf.o)
 .glue_7t       0x0201055c        0x0 /opt/devkitPro/devkitARM/lib/gcc/arm-eabi/4.3.3/../../../../arm-eabi/lib/thumb/libg.a(lib_a-puts.o)
 .glue_7t       0x0201055c        0x0 /opt/devkitPro/devkitARM/lib/gcc/arm-eabi/4.3.3/../../../../arm-eabi/lib/thumb/libg.a(lib_a-realloc.o)
 .glue_7t       0x0201055c        0x0 /opt/devkitPro/devkitARM/lib/gcc/arm-eabi/4.3.3/../../../../arm-eabi/lib/thumb/libg.a(lib_a-reallocr.o)
 .glue_7t       0x0201055c        0x0 /opt/devkitPro/devkitARM/lib/gcc/arm-eabi/4.3.3/../../../../arm-eabi/lib/thumb/libg.a(lib_a-strcmp.o)
 .glue_7t       0x0201055c        0x0 /opt/devkitPro/devkitARM/lib/gcc/arm-eabi/4.3.3/../../../../arm-eabi/lib/thumb/libg.a(lib_a-strlen.o)
 .glue_7t       0x0201055c        0x0 /opt/devkitPro/devkitARM/lib/gcc/arm-eabi/4.3.3/../../../../arm-eabi/lib/thumb/libg.a(lib_a-strncpy.o)
 .glue_7t       0x0201055c        0x0 /opt/devkitPro/devkitARM/lib/gcc/arm-eabi/4.3.3/../../../../arm-eabi/lib/thumb/libg.a(lib_a-vfprintf.o)
 .glue_7t       0x0201055c        0x0 /opt/devkitPro/devkitARM/lib/gcc/arm-eabi/4.3.3/../../../../arm-eabi/lib/thumb/libg.a(lib_a-wcrtomb.o)
 .glue_7t       0x0201055c        0x0 /opt/devkitPro/devkitARM/lib/gcc/arm-eabi/4.3.3/../../../../arm-eabi/lib/thumb/libg.a(lib_a-wcsrtombs.o)
 .glue_7t       0x0201055c        0x0 /opt/devkitPro/devkitARM/lib/gcc/arm-eabi/4.3.3/../../../../arm-eabi/lib/thumb/libg.a(lib_a-wctomb_r.o)
 .glue_7t       0x0201055c        0x0 /opt/devkitPro/devkitARM/lib/gcc/arm-eabi/4.3.3/../../../../arm-eabi/lib/thumb/libg.a(lib_a-wsetup.o)
 .glue_7t       0x0201055c        0x0 /opt/devkitPro/devkitARM/lib/gcc/arm-eabi/4.3.3/../../../../arm-eabi/lib/thumb/libg.a(lib_a-dtoa.o)
 .glue_7t       0x0201055c        0x0 /opt/devkitPro/devkitARM/lib/gcc/arm-eabi/4.3.3/../../../../arm-eabi/lib/thumb/libg.a(lib_a-fflush.o)
 .glue_7t       0x0201055c        0x0 /opt/devkitPro/devkitARM/lib/gcc/arm-eabi/4.3.3/../../../../arm-eabi/lib/thumb/libg.a(lib_a-findfp.o)
 .glue_7t       0x0201055c        0x0 /opt/devkitPro/devkitARM/lib/gcc/arm-eabi/4.3.3/../../../../arm-eabi/lib/thumb/libg.a(lib_a-freer.o)
 .glue_7t       0x0201055c        0x0 /opt/devkitPro/devkitARM/lib/gcc/arm-eabi/4.3.3/../../../../arm-eabi/lib/thumb/libg.a(lib_a-fvwrite.o)
 .glue_7t       0x0201055c        0x0 /opt/devkitPro/devkitARM/lib/gcc/arm-eabi/4.3.3/../../../../arm-eabi/lib/thumb/libg.a(lib_a-fwalk.o)
 .glue_7t       0x0201055c        0x0 /opt/devkitPro/devkitARM/lib/gcc/arm-eabi/4.3.3/../../../../arm-eabi/lib/thumb/libg.a(lib_a-locale.o)
 .glue_7t       0x0201055c        0x0 /opt/devkitPro/devkitARM/lib/gcc/arm-eabi/4.3.3/../../../../arm-eabi/lib/thumb/libg.a(lib_a-makebuf.o)
 .glue_7t       0x0201055c        0x0 /opt/devkitPro/devkitARM/lib/gcc/arm-eabi/4.3.3/../../../../arm-eabi/lib/thumb/libg.a(lib_a-mbtowc_r.o)
 .glue_7t       0x0201055c        0x0 /opt/devkitPro/devkitARM/lib/gcc/arm-eabi/4.3.3/../../../../arm-eabi/lib/thumb/libg.a(lib_a-memchr.o)
 .glue_7t       0x0201055c        0x0 /opt/devkitPro/devkitARM/lib/gcc/arm-eabi/4.3.3/../../../../arm-eabi/lib/thumb/libg.a(lib_a-memmove.o)
 .glue_7t       0x0201055c        0x0 /opt/devkitPro/devkitARM/lib/gcc/arm-eabi/4.3.3/../../../../arm-eabi/lib/thumb/libg.a(lib_a-mprec.o)
 .glue_7t       0x0201055c        0x0 /opt/devkitPro/devkitARM/lib/gcc/arm-eabi/4.3.3/../../../../arm-eabi/lib/thumb/libg.a(lib_a-s_isinfd.o)
 .glue_7t       0x0201055c        0x0 /opt/devkitPro/devkitARM/lib/gcc/arm-eabi/4.3.3/../../../../arm-eabi/lib/thumb/libg.a(lib_a-s_isnand.o)
 .glue_7t       0x0201055c        0x0 /opt/devkitPro/devkitARM/lib/gcc/arm-eabi/4.3.3/../../../../arm-eabi/lib/thumb/libg.a(lib_a-stdio.o)
 .glue_7t       0x0201055c        0x0 /opt/devkitPro/devkitARM/lib/gcc/arm-eabi/4.3.3/../../../../arm-eabi/lib/thumb/libg.a(lib_a-strcpy.o)
 .glue_7t       0x0201055c        0x0 /opt/devkitPro/devkitARM/lib/gcc/arm-eabi/4.3.3/../../../../arm-eabi/lib/thumb/libg.a(lib_a-callocr.o)
 .glue_7t       0x0201055c        0x0 /opt/devkitPro/devkitARM/lib/gcc/arm-eabi/4.3.3/../../../../arm-eabi/lib/thumb/libg.a(lib_a-fclose.o)
 .glue_7t       0x0201055c        0x0 /opt/devkitPro/devkitARM/lib/gcc/arm-eabi/4.3.3/../../../../arm-eabi/lib/thumb/libsysbase.a(close.o)
 .glue_7t       0x0201055c        0x0 /opt/devkitPro/devkitARM/lib/gcc/arm-eabi/4.3.3/../../../../arm-eabi/lib/thumb/libsysbase.a(fstat.o)
 .glue_7t       0x0201055c        0x0 /opt/devkitPro/devkitARM/lib/gcc/arm-eabi/4.3.3/../../../../arm-eabi/lib/thumb/libsysbase.a(isatty.o)
 .glue_7t       0x0201055c        0x0 /opt/devkitPro/devkitARM/lib/gcc/arm-eabi/4.3.3/../../../../arm-eabi/lib/thumb/libsysbase.a(lseek.o)
 .glue_7t       0x0201055c        0x0 /opt/devkitPro/devkitARM/lib/gcc/arm-eabi/4.3.3/../../../../arm-eabi/lib/thumb/libsysbase.a(read.o)
 .glue_7t       0x0201055c        0x0 /opt/devkitPro/devkitARM/lib/gcc/arm-eabi/4.3.3/../../../../arm-eabi/lib/thumb/libsysbase.a(sbrk.o)
 .glue_7t       0x0201055c        0x0 /opt/devkitPro/devkitARM/lib/gcc/arm-eabi/4.3.3/../../../../arm-eabi/lib/thumb/libsysbase.a(times.o)
 .glue_7t       0x0201055c        0x0 /opt/devkitPro/devkitARM/lib/gcc/arm-eabi/4.3.3/../../../../arm-eabi/lib/thumb/libsysbase.a(write.o)
 .glue_7t       0x0201055c        0x0 /opt/devkitPro/devkitARM/lib/gcc/arm-eabi/4.3.3/../../../../arm-eabi/lib/thumb/libsysbase.a(malloc_vars.o)
 .glue_7t       0x0201055c        0x0 /opt/devkitPro/devkitARM/lib/gcc/arm-eabi/4.3.3/../../../../arm-eabi/lib/thumb/libsysbase.a(build_argv.o)
 .glue_7t       0x0201055c        0x0 /opt/devkitPro/devkitARM/lib/gcc/arm-eabi/4.3.3/../../../../arm-eabi/lib/thumb/libsysbase.a(handle_manager.o)
 .glue_7t       0x0201055c        0x0 /opt/devkitPro/devkitARM/lib/gcc/arm-eabi/4.3.3/../../../../arm-eabi/lib/thumb/libsysbase.a(iosupport.o)
 .glue_7t       0x0201055c        0x0 /opt/devkitPro/devkitARM/lib/gcc/arm-eabi/4.3.3/thumb/libgcc.a(_addsubdf3.o)
 .glue_7t       0x0201055c        0x0 /opt/devkitPro/devkitARM/lib/gcc/arm-eabi/4.3.3/thumb/libgcc.a(_muldivdf3.o)
 .glue_7t       0x0201055c        0x0 /opt/devkitPro/devkitARM/lib/gcc/arm-eabi/4.3.3/thumb/libgcc.a(_cmpdf2.o)
 .glue_7t       0x0201055c        0x0 /opt/devkitPro/devkitARM/lib/gcc/arm-eabi/4.3.3/thumb/libgcc.a(_fixdfsi.o)
 .glue_7t       0x0201055c        0x0 /opt/devkitPro/devkitARM/lib/gcc/arm-eabi/4.3.3/../../../../arm-eabi/lib/thumb/libg.a(lib_a-strncmp.o)
 .glue_7t       0x0201055c        0x0 /opt/devkitPro/devkitARM/lib/gcc/arm-eabi/4.3.3/thumb/crtend.o
 .glue_7t       0x0201055c        0x0 /opt/devkitPro/devkitARM/lib/gcc/arm-eabi/4.3.3/thumb/crtn.o
                0x0201055c                . = ALIGN (0x4)

.vfp11_veneer   0x00000000        0x0
 .vfp11_veneer  0x00000000        0x0 /opt/devkitPro/devkitARM/lib/gcc/arm-eabi/4.3.3/../../../../arm-eabi/lib/thumb/ds_arm9_crt0.o
 .vfp11_veneer  0x00000000        0x0 /opt/devkitPro/devkitARM/lib/gcc/arm-eabi/4.3.3/thumb/crti.o
 .vfp11_veneer  0x00000000        0x0 /opt/devkitPro/devkitARM/lib/gcc/arm-eabi/4.3.3/thumb/crtbegin.o
 .vfp11_veneer  0x00000000        0x0 soundbank.bin.o
 .vfp11_veneer  0x00000000        0x0 background2.o
 .vfp11_veneer  0x00000000        0x0 background.o
 .vfp11_veneer  0x00000000        0x0 boat.o
 .vfp11_veneer  0x00000000        0x0 Gameboard.o
 .vfp11_veneer  0x00000000        0x0 Gameplay.o
 .vfp11_veneer  0x00000000        0x0 Gamestate.o
 .vfp11_veneer  0x00000000        0x0 main.o
 .vfp11_veneer  0x00000000        0x0 P_Controls.o
 .vfp11_veneer  0x00000000        0x0 P_Graphics.o
 .vfp11_veneer  0x00000000        0x0 P_Initializer.o
 .vfp11_veneer  0x00000000        0x0 P_Map10x10.o
 .vfp11_veneer  0x00000000        0x0 Ship.o
 .vfp11_veneer  0x00000000        0x0 WiFi_comms.o
 .vfp11_veneer  0x00000000        0x0 WiFi_minilib.o
 .vfp11_veneer  0x00000000        0x0 /opt/devkitPro/libnds/lib/libdswifi9.a(sgIP_Hub.o)
 .vfp11_veneer  0x00000000        0x0 /opt/devkitPro/libnds/lib/libdswifi9.a(sgIP_memblock.o)
 .vfp11_veneer  0x00000000        0x0 /opt/devkitPro/libnds/lib/libdswifi9.a(sgIP_sockets.o)
 .vfp11_veneer  0x00000000        0x0 /opt/devkitPro/libnds/lib/libdswifi9.a(wifi_arm9.o)
 .vfp11_veneer  0x00000000        0x0 /opt/devkitPro/libnds/lib/libdswifi9.a(spinlock.o)
 .vfp11_veneer  0x00000000        0x0 /opt/devkitPro/libnds/lib/libdswifi9.a(sgIP.o)
 .vfp11_veneer  0x00000000        0x0 /opt/devkitPro/libnds/lib/libdswifi9.a(sgIP_ARP.o)
 .vfp11_veneer  0x00000000        0x0 /opt/devkitPro/libnds/lib/libdswifi9.a(sgIP_DHCP.o)
 .vfp11_veneer  0x00000000        0x0 /opt/devkitPro/libnds/lib/libdswifi9.a(sgIP_DNS.o)
 .vfp11_veneer  0x00000000        0x0 /opt/devkitPro/libnds/lib/libdswifi9.a(sgIP_IP.o)
 .vfp11_veneer  0x00000000        0x0 /opt/devkitPro/libnds/lib/libdswifi9.a(sgIP_TCP.o)
 .vfp11_veneer  0x00000000        0x0 /opt/devkitPro/libnds/lib/libdswifi9.a(sgIP_UDP.o)
 .vfp11_veneer  0x00000000        0x0 /opt/devkitPro/libnds/lib/libdswifi9.a(sgIP_ICMP.o)
 .vfp11_veneer  0x00000000        0x0 /opt/devkitPro/libnds/lib/libnds9.a(initSystem.o)
 .vfp11_veneer  0x00000000        0x0 /opt/devkitPro/libnds/lib/libnds9.a(keys.o)
 .vfp11_veneer  0x00000000        0x0 /opt/devkitPro/libnds/lib/libnds9.a(system.o)
 .vfp11_veneer  0x00000000        0x0 /opt/devkitPro/libnds/lib/libnds9.a(touch.o)
 .vfp11_veneer  0x00000000        0x0 /opt/devkitPro/libnds/lib/libnds9.a(videoGL.o)
 .vfp11_veneer  0x00000000        0x0 /opt/devkitPro/libnds/lib/libnds9.a(fifosystem.o)
 .vfp11_veneer  0x00000000        0x0 /opt/devkitPro/libnds/lib/libnds9.a(interrupts.o)
 .vfp11_veneer  0x00000000        0x0 /opt/devkitPro/libnds/lib/libnds9.a(dcache.o)
 .vfp11_veneer  0x00000000        0x0 /opt/devkitPro/libnds/lib/libnds9.a(biosCalls.o)
 .vfp11_veneer  0x00000000        0x0 /opt/devkitPro/libnds/lib/libnds9.a(interruptDispatcher.o)
 .vfp11_veneer  0x00000000        0x0 /opt/devkitPro/libnds/lib/libnds9.a(trig.o)
 .vfp11_veneer  0x00000000        0x0 /opt/devkitPro/libnds/lib/libnds9.a(video.o)
 .vfp11_veneer  0x00000000        0x0 /opt/devkitPro/devkitARM/lib/gcc/arm-eabi/4.3.3/thumb/libgcc.a(_udivsi3.o)
 .vfp11_veneer  0x00000000        0x0 /opt/devkitPro/devkitARM/lib/gcc/arm-eabi/4.3.3/thumb/libgcc.a(_divsi3.o)
 .vfp11_veneer  0x00000000        0x0 /opt/devkitPro/devkitARM/lib/gcc/arm-eabi/4.3.3/thumb/libgcc.a(_dvmd_tls.o)
 .vfp11_veneer  0x00000000        0x0 /opt/devkitPro/devkitARM/lib/gcc/arm-eabi/4.3.3/thumb/libgcc.a(_muldi3.o)
 .vfp11_veneer  0x00000000        0x0 /opt/devkitPro/devkitARM/lib/gcc/arm-eabi/4.3.3/../../../../arm-eabi/lib/thumb/libg.a(lib_a-bsearch.o)
 .vfp11_veneer  0x00000000        0x0 /opt/devkitPro/devkitARM/lib/gcc/arm-eabi/4.3.3/../../../../arm-eabi/lib/thumb/libg.a(lib_a-errno.o)
 .vfp11_veneer  0x00000000        0x0 /opt/devkitPro/devkitARM/lib/gcc/arm-eabi/4.3.3/../../../../arm-eabi/lib/thumb/libg.a(lib_a-impure.o)
 .vfp11_veneer  0x00000000        0x0 /opt/devkitPro/devkitARM/lib/gcc/arm-eabi/4.3.3/../../../../arm-eabi/lib/thumb/libg.a(lib_a-init.o)
 .vfp11_veneer  0x00000000        0x0 /opt/devkitPro/devkitARM/lib/gcc/arm-eabi/4.3.3/../../../../arm-eabi/lib/thumb/libg.a(lib_a-malloc.o)
 .vfp11_veneer  0x00000000        0x0 /opt/devkitPro/devkitARM/lib/gcc/arm-eabi/4.3.3/../../../../arm-eabi/lib/thumb/libg.a(lib_a-mallocr.o)
 .vfp11_veneer  0x00000000        0x0 /opt/devkitPro/devkitARM/lib/gcc/arm-eabi/4.3.3/../../../../arm-eabi/lib/thumb/libg.a(lib_a-memcpy.o)
 .vfp11_veneer  0x00000000        0x0 /opt/devkitPro/devkitARM/lib/gcc/arm-eabi/4.3.3/../../../../arm-eabi/lib/thumb/libg.a(lib_a-memset.o)
 .vfp11_veneer  0x00000000        0x0 /opt/devkitPro/devkitARM/lib/gcc/arm-eabi/4.3.3/../../../../arm-eabi/lib/thumb/libg.a(lib_a-mlock.o)
 .vfp11_veneer  0x00000000        0x0 /opt/devkitPro/devkitARM/lib/gcc/arm-eabi/4.3.3/../../../../arm-eabi/lib/thumb/libg.a(lib_a-printf.o)
 .vfp11_veneer  0x00000000        0x0 /opt/devkitPro/devkitARM/lib/gcc/arm-eabi/4.3.3/../../../../arm-eabi/lib/thumb/libg.a(lib_a-puts.o)
 .vfp11_veneer  0x00000000        0x0 /opt/devkitPro/devkitARM/lib/gcc/arm-eabi/4.3.3/../../../../arm-eabi/lib/thumb/libg.a(lib_a-realloc.o)
 .vfp11_veneer  0x00000000        0x0 /opt/devkitPro/devkitARM/lib/gcc/arm-eabi/4.3.3/../../../../arm-eabi/lib/thumb/libg.a(lib_a-reallocr.o)
 .vfp11_veneer  0x00000000        0x0 /opt/devkitPro/devkitARM/lib/gcc/arm-eabi/4.3.3/../../../../arm-eabi/lib/thumb/libg.a(lib_a-strcmp.o)
 .vfp11_veneer  0x00000000        0x0 /opt/devkitPro/devkitARM/lib/gcc/arm-eabi/4.3.3/../../../../arm-eabi/lib/thumb/libg.a(lib_a-strlen.o)
 .vfp11_veneer  0x00000000        0x0 /opt/devkitPro/devkitARM/lib/gcc/arm-eabi/4.3.3/../../../../arm-eabi/lib/thumb/libg.a(lib_a-strncpy.o)
 .vfp11_veneer  0x00000000        0x0 /opt/devkitPro/devkitARM/lib/gcc/arm-eabi/4.3.3/../../../../arm-eabi/lib/thumb/libg.a(lib_a-vfprintf.o)
 .vfp11_veneer  0x00000000        0x0 /opt/devkitPro/devkitARM/lib/gcc/arm-eabi/4.3.3/../../../../arm-eabi/lib/thumb/libg.a(lib_a-wcrtomb.o)
 .vfp11_veneer  0x00000000        0x0 /opt/devkitPro/devkitARM/lib/gcc/arm-eabi/4.3.3/../../../../arm-eabi/lib/thumb/libg.a(lib_a-wcsrtombs.o)
 .vfp11_veneer  0x00000000        0x0 /opt/devkitPro/devkitARM/lib/gcc/arm-eabi/4.3.3/../../../../arm-eabi/lib/thumb/libg.a(lib_a-wctomb_r.o)
 .vfp11_veneer  0x00000000        0x0 /opt/devkitPro/devkitARM/lib/gcc/arm-eabi/4.3.3/../../../../arm-eabi/lib/thumb/libg.a(lib_a-wsetup.o)
 .vfp11_veneer  0x00000000        0x0 /opt/devkitPro/devkitARM/lib/gcc/arm-eabi/4.3.3/../../../../arm-eabi/lib/thumb/libg.a(lib_a-dtoa.o)
 .vfp11_veneer  0x00000000        0x0 /opt/devkitPro/devkitARM/lib/gcc/arm-eabi/4.3.3/../../../../arm-eabi/lib/thumb/libg.a(lib_a-fflush.o)
 .vfp11_veneer  0x00000000        0x0 /opt/devkitPro/devkitARM/lib/gcc/arm-eabi/4.3.3/../../../../arm-eabi/lib/thumb/libg.a(lib_a-findfp.o)
 .vfp11_veneer  0x00000000        0x0 /opt/devkitPro/devkitARM/lib/gcc/arm-eabi/4.3.3/../../../../arm-eabi/lib/thumb/libg.a(lib_a-freer.o)
 .vfp11_veneer  0x00000000        0x0 /opt/devkitPro/devkitARM/lib/gcc/arm-eabi/4.3.3/../../../../arm-eabi/lib/thumb/libg.a(lib_a-fvwrite.o)
 .vfp11_veneer  0x00000000        0x0 /opt/devkitPro/devkitARM/lib/gcc/arm-eabi/4.3.3/../../../../arm-eabi/lib/thumb/libg.a(lib_a-fwalk.o)
 .vfp11_veneer  0x00000000        0x0 /opt/devkitPro/devkitARM/lib/gcc/arm-eabi/4.3.3/../../../../arm-eabi/lib/thumb/libg.a(lib_a-locale.o)
 .vfp11_veneer  0x00000000        0x0 /opt/devkitPro/devkitARM/lib/gcc/arm-eabi/4.3.3/../../../../arm-eabi/lib/thumb/libg.a(lib_a-makebuf.o)
 .vfp11_veneer  0x00000000        0x0 /opt/devkitPro/devkitARM/lib/gcc/arm-eabi/4.3.3/../../../../arm-eabi/lib/thumb/libg.a(lib_a-mbtowc_r.o)
 .vfp11_veneer  0x00000000        0x0 /opt/devkitPro/devkitARM/lib/gcc/arm-eabi/4.3.3/../../../../arm-eabi/lib/thumb/libg.a(lib_a-memchr.o)
 .vfp11_veneer  0x00000000        0x0 /opt/devkitPro/devkitARM/lib/gcc/arm-eabi/4.3.3/../../../../arm-eabi/lib/thumb/libg.a(lib_a-memmove.o)
 .vfp11_veneer  0x00000000        0x0 /opt/devkitPro/devkitARM/lib/gcc/arm-eabi/4.3.3/../../../../arm-eabi/lib/thumb/libg.a(lib_a-mprec.o)
 .vfp11_veneer  0x00000000        0x0 /opt/devkitPro/devkitARM/lib/gcc/arm-eabi/4.3.3/../../../../arm-eabi/lib/thumb/libg.a(lib_a-s_isinfd.o)
 .vfp11_veneer  0x00000000        0x0 /opt/devkitPro/devkitARM/lib/gcc/arm-eabi/4.3.3/../../../../arm-eabi/lib/thumb/libg.a(lib_a-s_isnand.o)
 .vfp11_veneer  0x00000000        0x0 /opt/devkitPro/devkitARM/lib/gcc/arm-eabi/4.3.3/../../../../arm-eabi/lib/thumb/libg.a(lib_a-stdio.o)
 .vfp11_veneer  0x00000000        0x0 /opt/devkitPro/devkitARM/lib/gcc/arm-eabi/4.3.3/../../../../arm-eabi/lib/thumb/libg.a(lib_a-strcpy.o)
 .vfp11_veneer  0x00000000        0x0 /opt/devkitPro/devkitARM/lib/gcc/arm-eabi/4.3.3/../../../../arm-eabi/lib/thumb/libg.a(lib_a-callocr.o)
 .vfp11_veneer  0x00000000        0x0 /opt/devkitPro/devkitARM/lib/gcc/arm-eabi/4.3.3/../../../../arm-eabi/lib/thumb/libg.a(lib_a-fclose.o)
 .vfp11_veneer  0x00000000        0x0 /opt/devkitPro/devkitARM/lib/gcc/arm-eabi/4.3.3/../../../../arm-eabi/lib/thumb/libsysbase.a(close.o)
 .vfp11_veneer  0x00000000        0x0 /opt/devkitPro/devkitARM/lib/gcc/arm-eabi/4.3.3/../../../../arm-eabi/lib/thumb/libsysbase.a(fstat.o)
 .vfp11_veneer  0x00000000        0x0 /opt/devkitPro/devkitARM/lib/gcc/arm-eabi/4.3.3/../../../../arm-eabi/lib/thumb/libsysbase.a(isatty.o)
 .vfp11_veneer  0x00000000        0x0 /opt/devkitPro/devkitARM/lib/gcc/arm-eabi/4.3.3/../../../../arm-eabi/lib/thumb/libsysbase.a(lseek.o)
 .vfp11_veneer  0x00000000        0x0 /opt/devkitPro/devkitARM/lib/gcc/arm-eabi/4.3.3/../../../../arm-eabi/lib/thumb/libsysbase.a(read.o)
 .vfp11_veneer  0x00000000        0x0 /opt/devkitPro/devkitARM/lib/gcc/arm-eabi/4.3.3/../../../../arm-eabi/lib/thumb/libsysbase.a(sbrk.o)
 .vfp11_veneer  0x00000000        0x0 /opt/devkitPro/devkitARM/lib/gcc/arm-eabi/4.3.3/../../../../arm-eabi/lib/thumb/libsysbase.a(times.o)
 .vfp11_veneer  0x00000000        0x0 /opt/devkitPro/devkitARM/lib/gcc/arm-eabi/4.3.3/../../../../arm-eabi/lib/thumb/libsysbase.a(write.o)
 .vfp11_veneer  0x00000000        0x0 /opt/devkitPro/devkitARM/lib/gcc/arm-eabi/4.3.3/../../../../arm-eabi/lib/thumb/libsysbase.a(malloc_vars.o)
 .vfp11_veneer  0x00000000        0x0 /opt/devkitPro/devkitARM/lib/gcc/arm-eabi/4.3.3/../../../../arm-eabi/lib/thumb/libsysbase.a(build_argv.o)
 .vfp11_veneer  0x00000000        0x0 /opt/devkitPro/devkitARM/lib/gcc/arm-eabi/4.3.3/../../../../arm-eabi/lib/thumb/libsysbase.a(handle_manager.o)
 .vfp11_veneer  0x00000000        0x0 /opt/devkitPro/devkitARM/lib/gcc/arm-eabi/4.3.3/../../../../arm-eabi/lib/thumb/libsysbase.a(iosupport.o)
 .vfp11_veneer  0x00000000        0x0 /opt/devkitPro/devkitARM/lib/gcc/arm-eabi/4.3.3/thumb/libgcc.a(_addsubdf3.o)
 .vfp11_veneer  0x00000000        0x0 /opt/devkitPro/devkitARM/lib/gcc/arm-eabi/4.3.3/thumb/libgcc.a(_muldivdf3.o)
 .vfp11_veneer  0x00000000        0x0 /opt/devkitPro/devkitARM/lib/gcc/arm-eabi/4.3.3/thumb/libgcc.a(_cmpdf2.o)
 .vfp11_veneer  0x00000000        0x0 /opt/devkitPro/devkitARM/lib/gcc/arm-eabi/4.3.3/thumb/libgcc.a(_fixdfsi.o)
 .vfp11_veneer  0x00000000        0x0 /opt/devkitPro/devkitARM/lib/gcc/arm-eabi/4.3.3/../../../../arm-eabi/lib/thumb/libg.a(lib_a-strncmp.o)
 .vfp11_veneer  0x00000000        0x0 /opt/devkitPro/devkitARM/lib/gcc/arm-eabi/4.3.3/thumb/crtend.o
 .vfp11_veneer  0x00000000        0x0 /opt/devkitPro/devkitARM/lib/gcc/arm-eabi/4.3.3/thumb/crtn.o

.v4_bx          0x00000000        0x0
 .v4_bx         0x00000000        0x0 /opt/devkitPro/devkitARM/lib/gcc/arm-eabi/4.3.3/../../../../arm-eabi/lib/thumb/ds_arm9_crt0.o
 .v4_bx         0x00000000        0x0 /opt/devkitPro/devkitARM/lib/gcc/arm-eabi/4.3.3/thumb/crti.o
 .v4_bx         0x00000000        0x0 /opt/devkitPro/devkitARM/lib/gcc/arm-eabi/4.3.3/thumb/crtbegin.o
 .v4_bx         0x00000000        0x0 soundbank.bin.o
 .v4_bx         0x00000000        0x0 background2.o
 .v4_bx         0x00000000        0x0 background.o
 .v4_bx         0x00000000        0x0 boat.o
 .v4_bx         0x00000000        0x0 Gameboard.o
 .v4_bx         0x00000000        0x0 Gameplay.o
 .v4_bx         0x00000000        0x0 Gamestate.o
 .v4_bx         0x00000000        0x0 main.o
 .v4_bx         0x00000000        0x0 P_Controls.o
 .v4_bx         0x00000000        0x0 P_Graphics.o
 .v4_bx         0x00000000        0x0 P_Initializer.o
 .v4_bx         0x00000000        0x0 P_Map10x10.o
 .v4_bx         0x00000000        0x0 Ship.o
 .v4_bx         0x00000000        0x0 WiFi_comms.o
 .v4_bx         0x00000000        0x0 WiFi_minilib.o
 .v4_bx         0x00000000        0x0 /opt/devkitPro/libnds/lib/libdswifi9.a(sgIP_Hub.o)
 .v4_bx         0x00000000        0x0 /opt/devkitPro/libnds/lib/libdswifi9.a(sgIP_memblock.o)
 .v4_bx         0x00000000        0x0 /opt/devkitPro/libnds/lib/libdswifi9.a(sgIP_sockets.o)
 .v4_bx         0x00000000        0x0 /opt/devkitPro/libnds/lib/libdswifi9.a(wifi_arm9.o)
 .v4_bx         0x00000000        0x0 /opt/devkitPro/libnds/lib/libdswifi9.a(spinlock.o)
 .v4_bx         0x00000000        0x0 /opt/devkitPro/libnds/lib/libdswifi9.a(sgIP.o)
 .v4_bx         0x00000000        0x0 /opt/devkitPro/libnds/lib/libdswifi9.a(sgIP_ARP.o)
 .v4_bx         0x00000000        0x0 /opt/devkitPro/libnds/lib/libdswifi9.a(sgIP_DHCP.o)
 .v4_bx         0x00000000        0x0 /opt/devkitPro/libnds/lib/libdswifi9.a(sgIP_DNS.o)
 .v4_bx         0x00000000        0x0 /opt/devkitPro/libnds/lib/libdswifi9.a(sgIP_IP.o)
 .v4_bx         0x00000000        0x0 /opt/devkitPro/libnds/lib/libdswifi9.a(sgIP_TCP.o)
 .v4_bx         0x00000000        0x0 /opt/devkitPro/libnds/lib/libdswifi9.a(sgIP_UDP.o)
 .v4_bx         0x00000000        0x0 /opt/devkitPro/libnds/lib/libdswifi9.a(sgIP_ICMP.o)
 .v4_bx         0x00000000        0x0 /opt/devkitPro/libnds/lib/libnds9.a(initSystem.o)
 .v4_bx         0x00000000        0x0 /opt/devkitPro/libnds/lib/libnds9.a(keys.o)
 .v4_bx         0x00000000        0x0 /opt/devkitPro/libnds/lib/libnds9.a(system.o)
 .v4_bx         0x00000000        0x0 /opt/devkitPro/libnds/lib/libnds9.a(touch.o)
 .v4_bx         0x00000000        0x0 /opt/devkitPro/libnds/lib/libnds9.a(videoGL.o)
 .v4_bx         0x00000000        0x0 /opt/devkitPro/libnds/lib/libnds9.a(fifosystem.o)
 .v4_bx         0x00000000        0x0 /opt/devkitPro/libnds/lib/libnds9.a(interrupts.o)
 .v4_bx         0x00000000        0x0 /opt/devkitPro/libnds/lib/libnds9.a(dcache.o)
 .v4_bx         0x00000000        0x0 /opt/devkitPro/libnds/lib/libnds9.a(biosCalls.o)
 .v4_bx         0x00000000        0x0 /opt/devkitPro/libnds/lib/libnds9.a(interruptDispatcher.o)
 .v4_bx         0x00000000        0x0 /opt/devkitPro/libnds/lib/libnds9.a(trig.o)
 .v4_bx         0x00000000        0x0 /opt/devkitPro/libnds/lib/libnds9.a(video.o)
 .v4_bx         0x00000000        0x0 /opt/devkitPro/devkitARM/lib/gcc/arm-eabi/4.3.3/thumb/libgcc.a(_udivsi3.o)
 .v4_bx         0x00000000        0x0 /opt/devkitPro/devkitARM/lib/gcc/arm-eabi/4.3.3/thumb/libgcc.a(_divsi3.o)
 .v4_bx         0x00000000        0x0 /opt/devkitPro/devkitARM/lib/gcc/arm-eabi/4.3.3/thumb/libgcc.a(_dvmd_tls.o)
 .v4_bx         0x00000000        0x0 /opt/devkitPro/devkitARM/lib/gcc/arm-eabi/4.3.3/thumb/libgcc.a(_muldi3.o)
 .v4_bx         0x00000000        0x0 /opt/devkitPro/devkitARM/lib/gcc/arm-eabi/4.3.3/../../../../arm-eabi/lib/thumb/libg.a(lib_a-bsearch.o)
 .v4_bx         0x00000000        0x0 /opt/devkitPro/devkitARM/lib/gcc/arm-eabi/4.3.3/../../../../arm-eabi/lib/thumb/libg.a(lib_a-errno.o)
 .v4_bx         0x00000000        0x0 /opt/devkitPro/devkitARM/lib/gcc/arm-eabi/4.3.3/../../../../arm-eabi/lib/thumb/libg.a(lib_a-impure.o)
 .v4_bx         0x00000000        0x0 /opt/devkitPro/devkitARM/lib/gcc/arm-eabi/4.3.3/../../../../arm-eabi/lib/thumb/libg.a(lib_a-init.o)
 .v4_bx         0x00000000        0x0 /opt/devkitPro/devkitARM/lib/gcc/arm-eabi/4.3.3/../../../../arm-eabi/lib/thumb/libg.a(lib_a-malloc.o)
 .v4_bx         0x00000000        0x0 /opt/devkitPro/devkitARM/lib/gcc/arm-eabi/4.3.3/../../../../arm-eabi/lib/thumb/libg.a(lib_a-mallocr.o)
 .v4_bx         0x00000000        0x0 /opt/devkitPro/devkitARM/lib/gcc/arm-eabi/4.3.3/../../../../arm-eabi/lib/thumb/libg.a(lib_a-memcpy.o)
 .v4_bx         0x00000000        0x0 /opt/devkitPro/devkitARM/lib/gcc/arm-eabi/4.3.3/../../../../arm-eabi/lib/thumb/libg.a(lib_a-memset.o)
 .v4_bx         0x00000000        0x0 /opt/devkitPro/devkitARM/lib/gcc/arm-eabi/4.3.3/../../../../arm-eabi/lib/thumb/libg.a(lib_a-mlock.o)
 .v4_bx         0x00000000        0x0 /opt/devkitPro/devkitARM/lib/gcc/arm-eabi/4.3.3/../../../../arm-eabi/lib/thumb/libg.a(lib_a-printf.o)
 .v4_bx         0x00000000        0x0 /opt/devkitPro/devkitARM/lib/gcc/arm-eabi/4.3.3/../../../../arm-eabi/lib/thumb/libg.a(lib_a-puts.o)
 .v4_bx         0x00000000        0x0 /opt/devkitPro/devkitARM/lib/gcc/arm-eabi/4.3.3/../../../../arm-eabi/lib/thumb/libg.a(lib_a-realloc.o)
 .v4_bx         0x00000000        0x0 /opt/devkitPro/devkitARM/lib/gcc/arm-eabi/4.3.3/../../../../arm-eabi/lib/thumb/libg.a(lib_a-reallocr.o)
 .v4_bx         0x00000000        0x0 /opt/devkitPro/devkitARM/lib/gcc/arm-eabi/4.3.3/../../../../arm-eabi/lib/thumb/libg.a(lib_a-strcmp.o)
 .v4_bx         0x00000000        0x0 /opt/devkitPro/devkitARM/lib/gcc/arm-eabi/4.3.3/../../../../arm-eabi/lib/thumb/libg.a(lib_a-strlen.o)
 .v4_bx         0x00000000        0x0 /opt/devkitPro/devkitARM/lib/gcc/arm-eabi/4.3.3/../../../../arm-eabi/lib/thumb/libg.a(lib_a-strncpy.o)
 .v4_bx         0x00000000        0x0 /opt/devkitPro/devkitARM/lib/gcc/arm-eabi/4.3.3/../../../../arm-eabi/lib/thumb/libg.a(lib_a-vfprintf.o)
 .v4_bx         0x00000000        0x0 /opt/devkitPro/devkitARM/lib/gcc/arm-eabi/4.3.3/../../../../arm-eabi/lib/thumb/libg.a(lib_a-wcrtomb.o)
 .v4_bx         0x00000000        0x0 /opt/devkitPro/devkitARM/lib/gcc/arm-eabi/4.3.3/../../../../arm-eabi/lib/thumb/libg.a(lib_a-wcsrtombs.o)
 .v4_bx         0x00000000        0x0 /opt/devkitPro/devkitARM/lib/gcc/arm-eabi/4.3.3/../../../../arm-eabi/lib/thumb/libg.a(lib_a-wctomb_r.o)
 .v4_bx         0x00000000        0x0 /opt/devkitPro/devkitARM/lib/gcc/arm-eabi/4.3.3/../../../../arm-eabi/lib/thumb/libg.a(lib_a-wsetup.o)
 .v4_bx         0x00000000        0x0 /opt/devkitPro/devkitARM/lib/gcc/arm-eabi/4.3.3/../../../../arm-eabi/lib/thumb/libg.a(lib_a-dtoa.o)
 .v4_bx         0x00000000        0x0 /opt/devkitPro/devkitARM/lib/gcc/arm-eabi/4.3.3/../../../../arm-eabi/lib/thumb/libg.a(lib_a-fflush.o)
 .v4_bx         0x00000000        0x0 /opt/devkitPro/devkitARM/lib/gcc/arm-eabi/4.3.3/../../../../arm-eabi/lib/thumb/libg.a(lib_a-findfp.o)
 .v4_bx         0x00000000        0x0 /opt/devkitPro/devkitARM/lib/gcc/arm-eabi/4.3.3/../../../../arm-eabi/lib/thumb/libg.a(lib_a-freer.o)
 .v4_bx         0x00000000        0x0 /opt/devkitPro/devkitARM/lib/gcc/arm-eabi/4.3.3/../../../../arm-eabi/lib/thumb/libg.a(lib_a-fvwrite.o)
 .v4_bx         0x00000000        0x0 /opt/devkitPro/devkitARM/lib/gcc/arm-eabi/4.3.3/../../../../arm-eabi/lib/thumb/libg.a(lib_a-fwalk.o)
 .v4_bx         0x00000000        0x0 /opt/devkitPro/devkitARM/lib/gcc/arm-eabi/4.3.3/../../../../arm-eabi/lib/thumb/libg.a(lib_a-locale.o)
 .v4_bx         0x00000000        0x0 /opt/devkitPro/devkitARM/lib/gcc/arm-eabi/4.3.3/../../../../arm-eabi/lib/thumb/libg.a(lib_a-makebuf.o)
 .v4_bx         0x00000000        0x0 /opt/devkitPro/devkitARM/lib/gcc/arm-eabi/4.3.3/../../../../arm-eabi/lib/thumb/libg.a(lib_a-mbtowc_r.o)
 .v4_bx         0x00000000        0x0 /opt/devkitPro/devkitARM/lib/gcc/arm-eabi/4.3.3/../../../../arm-eabi/lib/thumb/libg.a(lib_a-memchr.o)
 .v4_bx         0x00000000        0x0 /opt/devkitPro/devkitARM/lib/gcc/arm-eabi/4.3.3/../../../../arm-eabi/lib/thumb/libg.a(lib_a-memmove.o)
 .v4_bx         0x00000000        0x0 /opt/devkitPro/devkitARM/lib/gcc/arm-eabi/4.3.3/../../../../arm-eabi/lib/thumb/libg.a(lib_a-mprec.o)
 .v4_bx         0x00000000        0x0 /opt/devkitPro/devkitARM/lib/gcc/arm-eabi/4.3.3/../../../../arm-eabi/lib/thumb/libg.a(lib_a-s_isinfd.o)
 .v4_bx         0x00000000        0x0 /opt/devkitPro/devkitARM/lib/gcc/arm-eabi/4.3.3/../../../../arm-eabi/lib/thumb/libg.a(lib_a-s_isnand.o)
 .v4_bx         0x00000000        0x0 /opt/devkitPro/devkitARM/lib/gcc/arm-eabi/4.3.3/../../../../arm-eabi/lib/thumb/libg.a(lib_a-stdio.o)
 .v4_bx         0x00000000        0x0 /opt/devkitPro/devkitARM/lib/gcc/arm-eabi/4.3.3/../../../../arm-eabi/lib/thumb/libg.a(lib_a-strcpy.o)
 .v4_bx         0x00000000        0x0 /opt/devkitPro/devkitARM/lib/gcc/arm-eabi/4.3.3/../../../../arm-eabi/lib/thumb/libg.a(lib_a-callocr.o)
 .v4_bx         0x00000000        0x0 /opt/devkitPro/devkitARM/lib/gcc/arm-eabi/4.3.3/../../../../arm-eabi/lib/thumb/libg.a(lib_a-fclose.o)
 .v4_bx         0x00000000        0x0 /opt/devkitPro/devkitARM/lib/gcc/arm-eabi/4.3.3/../../../../arm-eabi/lib/thumb/libsysbase.a(close.o)
 .v4_bx         0x00000000        0x0 /opt/devkitPro/devkitARM/lib/gcc/arm-eabi/4.3.3/../../../../arm-eabi/lib/thumb/libsysbase.a(fstat.o)
 .v4_bx         0x00000000        0x0 /opt/devkitPro/devkitARM/lib/gcc/arm-eabi/4.3.3/../../../../arm-eabi/lib/thumb/libsysbase.a(isatty.o)
 .v4_bx         0x00000000        0x0 /opt/devkitPro/devkitARM/lib/gcc/arm-eabi/4.3.3/../../../../arm-eabi/lib/thumb/libsysbase.a(lseek.o)
 .v4_bx         0x00000000        0x0 /opt/devkitPro/devkitARM/lib/gcc/arm-eabi/4.3.3/../../../../arm-eabi/lib/thumb/libsysbase.a(read.o)
 .v4_bx         0x00000000        0x0 /opt/devkitPro/devkitARM/lib/gcc/arm-eabi/4.3.3/../../../../arm-eabi/lib/thumb/libsysbase.a(sbrk.o)
 .v4_bx         0x00000000        0x0 /opt/devkitPro/devkitARM/lib/gcc/arm-eabi/4.3.3/../../../../arm-eabi/lib/thumb/libsysbase.a(times.o)
 .v4_bx         0x00000000        0x0 /opt/devkitPro/devkitARM/lib/gcc/arm-eabi/4.3.3/../../../../arm-eabi/lib/thumb/libsysbase.a(write.o)
 .v4_bx         0x00000000        0x0 /opt/devkitPro/devkitARM/lib/gcc/arm-eabi/4.3.3/../../../../arm-eabi/lib/thumb/libsysbase.a(malloc_vars.o)
 .v4_bx         0x00000000        0x0 /opt/devkitPro/devkitARM/lib/gcc/arm-eabi/4.3.3/../../../../arm-eabi/lib/thumb/libsysbase.a(build_argv.o)
 .v4_bx         0x00000000        0x0 /opt/devkitPro/devkitARM/lib/gcc/arm-eabi/4.3.3/../../../../arm-eabi/lib/thumb/libsysbase.a(handle_manager.o)
 .v4_bx         0x00000000        0x0 /opt/devkitPro/devkitARM/lib/gcc/arm-eabi/4.3.3/../../../../arm-eabi/lib/thumb/libsysbase.a(iosupport.o)
 .v4_bx         0x00000000        0x0 /opt/devkitPro/devkitARM/lib/gcc/arm-eabi/4.3.3/thumb/libgcc.a(_addsubdf3.o)
 .v4_bx         0x00000000        0x0 /opt/devkitPro/devkitARM/lib/gcc/arm-eabi/4.3.3/thumb/libgcc.a(_muldivdf3.o)
 .v4_bx         0x00000000        0x0 /opt/devkitPro/devkitARM/lib/gcc/arm-eabi/4.3.3/thumb/libgcc.a(_cmpdf2.o)
 .v4_bx         0x00000000        0x0 /opt/devkitPro/devkitARM/lib/gcc/arm-eabi/4.3.3/thumb/libgcc.a(_fixdfsi.o)
 .v4_bx         0x00000000        0x0 /opt/devkitPro/devkitARM/lib/gcc/arm-eabi/4.3.3/../../../../arm-eabi/lib/thumb/libg.a(lib_a-strncmp.o)
 .v4_bx         0x00000000        0x0 /opt/devkitPro/devkitARM/lib/gcc/arm-eabi/4.3.3/thumb/crtend.o
 .v4_bx         0x00000000        0x0 /opt/devkitPro/devkitARM/lib/gcc/arm-eabi/4.3.3/thumb/crtn.o

.fini           0x0201055c        0xc
 *(.fini)
 .fini          0x0201055c        0x4 /opt/devkitPro/devkitARM/lib/gcc/arm-eabi/4.3.3/thumb/crti.o
                0x0201055c                _fini
 .fini          0x02010560        0x8 /opt/devkitPro/devkitARM/lib/gcc/arm-eabi/4.3.3/thumb/crtn.o
                0x02010568                __text_end = .

.rodata         0x02010568     0x4a98
 *(.rodata)
 .rodata        0x02010568     0x21fc background2.o
                0x02010568                background2Tiles
                0x02012568                background2Pal
                0x02011d68                background2Map
 .rodata        0x02012764     0x1c3c background.o
                0x020141a4                backgroundPal
                0x02013ba4                backgroundMap
                0x02012764                backgroundTiles
 .rodata        0x020143a0      0x500 boat.o
                0x020147a0                boatPal
                0x020143a0                boatTiles
 .rodata        0x020148a0       0x20 Gameplay.o
 .rodata        0x020148c0       0x58 main.o
 .rodata        0x02014918        0x8 WiFi_minilib.o
 .rodata        0x02014920       0x14 /opt/devkitPro/libnds/lib/libdswifi9.a(wifi_arm9.o)
 .rodata        0x02014934       0x54 /opt/devkitPro/libnds/lib/libdswifi9.a(sgIP_TCP.o)
 .rodata        0x02014988       0x44 /opt/devkitPro/libnds/lib/libnds9.a(videoGL.o)
 .rodata        0x020149cc        0x4 /opt/devkitPro/devkitARM/lib/gcc/arm-eabi/4.3.3/../../../../arm-eabi/lib/thumb/libg.a(lib_a-impure.o)
                0x020149cc                _global_impure_ptr
 .rodata        0x020149d0      0x184 /opt/devkitPro/devkitARM/lib/gcc/arm-eabi/4.3.3/../../../../arm-eabi/lib/thumb/libg.a(lib_a-vfprintf.o)
 .rodata        0x02014b54       0x18 /opt/devkitPro/devkitARM/lib/gcc/arm-eabi/4.3.3/../../../../arm-eabi/lib/thumb/libg.a(lib_a-dtoa.o)
 .rodata        0x02014b6c       0xb8 /opt/devkitPro/devkitARM/lib/gcc/arm-eabi/4.3.3/../../../../arm-eabi/lib/thumb/libg.a(lib_a-locale.o)
 .rodata        0x02014c24       0xa8 /opt/devkitPro/devkitARM/lib/gcc/arm-eabi/4.3.3/../../../../arm-eabi/lib/thumb/libg.a(lib_a-mbtowc_r.o)
 *fill*         0x02014ccc        0x4 ff
 .rodata        0x02014cd0      0x128 /opt/devkitPro/devkitARM/lib/gcc/arm-eabi/4.3.3/../../../../arm-eabi/lib/thumb/libg.a(lib_a-mprec.o)
                0x02014dc0                __mprec_tinytens
                0x02014cd0                __mprec_tens
                0x02014d98                __mprec_bigtens
 .rodata        0x02014df8       0x5c /opt/devkitPro/devkitARM/lib/gcc/arm-eabi/4.3.3/../../../../arm-eabi/lib/thumb/libsysbase.a(iosupport.o)
                0x02014df8                dotab_stdnull
 *all.rodata*(*)
 *(.roda)
 *(.rodata.*)
 .rodata.str1.4
                0x02014e54       0xb6 /opt/devkitPro/libnds/lib/libdswifi9.a(wifi_arm9.o)
                                 0xb8 (size before relaxing)
 *fill*         0x02014f0a        0x2 ff
 .rodata.str1.4
                0x02014f0c       0x17 /opt/devkitPro/libnds/lib/libdswifi9.a(sgIP_DHCP.o)
                                 0x18 (size before relaxing)
 *fill*         0x02014f23        0x1 ff
 .rodata.str1.4
                0x02014f24        0x2 /opt/devkitPro/devkitARM/lib/gcc/arm-eabi/4.3.3/../../../../arm-eabi/lib/thumb/libg.a(lib_a-impure.o)
                                  0x4 (size before relaxing)
 *fill*         0x02014f26        0x2 ff
 .rodata.str1.4
                0x02014f28        0x2 /opt/devkitPro/devkitARM/lib/gcc/arm-eabi/4.3.3/../../../../arm-eabi/lib/thumb/libg.a(lib_a-puts.o)
                                  0x4 (size before relaxing)
 *fill*         0x02014f2a        0x2 ff
 .rodata.str1.4
                0x02014f2c       0x5e /opt/devkitPro/devkitARM/lib/gcc/arm-eabi/4.3.3/../../../../arm-eabi/lib/thumb/libg.a(lib_a-vfprintf.o)
                                 0x60 (size before relaxing)
 *fill*         0x02014f8a        0x2 ff
 .rodata.str1.4
                0x02014f8c       0x1e /opt/devkitPro/devkitARM/lib/gcc/arm-eabi/4.3.3/../../../../arm-eabi/lib/thumb/libg.a(lib_a-wctomb_r.o)
                                 0x20 (size before relaxing)
 *fill*         0x02014faa        0x2 ff
 .rodata.str1.4
                0x02014fac       0x10 /opt/devkitPro/devkitARM/lib/gcc/arm-eabi/4.3.3/../../../../arm-eabi/lib/thumb/libg.a(lib_a-dtoa.o)
                                 0x14 (size before relaxing)
 .rodata.str1.4
                0x02014fbc       0x3a /opt/devkitPro/devkitARM/lib/gcc/arm-eabi/4.3.3/../../../../arm-eabi/lib/thumb/libg.a(lib_a-locale.o)
                                 0x64 (size before relaxing)
 .rodata.str1.4
                0x00000000       0x20 /opt/devkitPro/devkitARM/lib/gcc/arm-eabi/4.3.3/../../../../arm-eabi/lib/thumb/libg.a(lib_a-mbtowc_r.o)
 *fill*         0x02014ff6        0x2 ff
 .rodata.str1.4
                0x02014ff8        0x8 /opt/devkitPro/devkitARM/lib/gcc/arm-eabi/4.3.3/../../../../arm-eabi/lib/thumb/libsysbase.a(iosupport.o)
 *(.gnu.linkonce.r*)
                0x02015000                . = ALIGN (0x4)

.ARM.extab
 *(.ARM.extab* .gnu.linkonce.armextab.*)
                0x02015000                __exidx_start = .

.ARM.exidx
 *(.ARM.exidx* .gnu.linkonce.armexidx.*)
                0x02015000                __exidx_end = .
                0x02015000                . = ALIGN (0x4)
                0x02015000                PROVIDE (__preinit_array_start, .)

.preinit_array
 *(.preinit_array)
                0x02015000                PROVIDE (__preinit_array_end, .)
                0x02015000                PROVIDE (__init_array_start, .)

.init_array     0x02015000        0x4
 *(.init_array)
 .init_array    0x02015000        0x4 /opt/devkitPro/devkitARM/lib/gcc/arm-eabi/4.3.3/thumb/crtbegin.o
                0x02015004                PROVIDE (__init_array_end, .)
                0x02015004                PROVIDE (__fini_array_start, .)

.fini_array     0x02015004        0x4
 *(.fini_array)
 .fini_array    0x02015004        0x4 /opt/devkitPro/devkitARM/lib/gcc/arm-eabi/4.3.3/thumb/crtbegin.o